<html>
<body>
<pre>
<h1>µVision Build Log</h1>
<h2>Tool Versions:</h2>
IDE-Version: ¦ÌVision V5.43.1.0
Copyright (C) 2025 ARM Ltd and ARM Germany GmbH. All rights reserved.
License Information: Lzy Lzy, Lzy, LIC=NQQMA-1LB18-63JMB-2BJ3P-JJCCC-IV6JQ
 
Tool Versions:
Toolchain:       MDK-ARM Plus  Version: 5.43.0.0
Toolchain Path:  D:\Users\Lzy\AppData\Local\Keil_v5\ARM\ARMCC\Bin
C Compiler:      Armcc.exe V5.06 update 7 (build 960)
Assembler:       Armasm.exe V5.06 update 7 (build 960)
Linker/Locator:  ArmLink.exe V5.06 update 7 (build 960)
Library Manager: ArmAr.exe V5.06 update 7 (build 960)
Hex Converter:   FromElf.exe V5.06 update 7 (build 960)
CPU DLL:         SARMCM3.DLL V5.43.0.0
Dialog DLL:      DCM.DLL V1.17.5.0
Target DLL:      STLink\ST-LINKIII-KEIL_SWO.dll V3.3.1.0
Dialog DLL:      TCM.DLL V1.56.6.0
 
<h2>Project:</h2>
D:\project\prj\STM32F407VET6\Projects\MDK_ARM\stm32f407.uvprojx
Project File Date:  11/18/2025

<h2>Output:</h2>
*** Using Compiler 'V5.06 update 7 (build 960)', folder: 'D:\Users\Lzy\AppData\Local\Keil_v5\ARM\ARMCC\Bin'
Build target 'Target 1'
compiling filter.c...
..\..\Drivers\SYSTEM\filter\filter.h(136): warning:  #1-D: last line of file ends without a newline
  #endif /* __FILTER_H */
..\..\Drivers\SYSTEM\filter\filter.c(90): warning:  #1-D: last line of file ends without a newline
  }
..\..\Drivers\SYSTEM\filter\filter.c: 2 warnings, 0 errors
linking...
Program Size: Code=21132 RO-data=38144 RW-data=20508 ZI-data=15060  
FromELF: creating hex file...
"..\..\Output\stm32f407.axf" - 0 Error(s), 2 Warning(s).

<h2>Software Packages used:</h2>

Package Vendor: Keil
                https://www.keil.com/pack/Keil.STM32F4xx_DFP.3.1.1.pack
                Keil::STM32F4xx_DFP@3.1.1
                STMicroelectronics STM32F4 Series Device Support

<h2>Collection of Component include folders:</h2>

<h2>Collection of Component Files used:</h2>
Build Time Elapsed:  00:00:02
</pre>
</body>
</html>
