Component: ARM Compiler 5.06 update 7 (build 960) Tool: armlink [4d3601]

==============================================================================

Section Cross References

    startup_stm32f407xx.o(STACK) refers (Special) to heapauxi.o(.text) for __use_two_region_memory
    startup_stm32f407xx.o(HEAP) refers (Special) to heapauxi.o(.text) for __use_two_region_memory
    startup_stm32f407xx.o(RESET) refers (Special) to heapauxi.o(.text) for __use_two_region_memory
    startup_stm32f407xx.o(RESET) refers to startup_stm32f407xx.o(STACK) for __initial_sp
    startup_stm32f407xx.o(RESET) refers to startup_stm32f407xx.o(.text) for Reset_Handler
    startup_stm32f407xx.o(RESET) refers to stm32f4xx_it.o(i.NMI_Handler) for NMI_Handler
    startup_stm32f407xx.o(RESET) refers to stm32f4xx_it.o(i.HardFault_Handler) for HardFault_Handler
    startup_stm32f407xx.o(RESET) refers to stm32f4xx_it.o(i.MemManage_Handler) for MemManage_Handler
    startup_stm32f407xx.o(RESET) refers to stm32f4xx_it.o(i.BusFault_Handler) for BusFault_Handler
    startup_stm32f407xx.o(RESET) refers to stm32f4xx_it.o(i.UsageFault_Handler) for UsageFault_Handler
    startup_stm32f407xx.o(RESET) refers to stm32f4xx_it.o(i.SVC_Handler) for SVC_Handler
    startup_stm32f407xx.o(RESET) refers to stm32f4xx_it.o(i.DebugMon_Handler) for DebugMon_Handler
    startup_stm32f407xx.o(RESET) refers to stm32f4xx_it.o(i.PendSV_Handler) for PendSV_Handler
    startup_stm32f407xx.o(RESET) refers to stm32f4xx_it.o(i.SysTick_Handler) for SysTick_Handler
    startup_stm32f407xx.o(RESET) refers to usart.o(i.USART1_IRQHandler) for USART1_IRQHandler
    startup_stm32f407xx.o(RESET) refers to stm32f4xx_it.o(i.DMA2_Stream0_IRQHandler) for DMA2_Stream0_IRQHandler
    startup_stm32f407xx.o(.text) refers (Special) to heapauxi.o(.text) for __use_two_region_memory
    startup_stm32f407xx.o(.text) refers to system_stm32f4xx.o(i.SystemInit) for SystemInit
    startup_stm32f407xx.o(.text) refers to __main.o(!!!main) for __main
    startup_stm32f407xx.o(.text) refers to startup_stm32f407xx.o(HEAP) for Heap_Mem
    startup_stm32f407xx.o(.text) refers to startup_stm32f407xx.o(STACK) for Stack_Mem
    stm32f4xx_it.o(i.DMA2_Stream0_IRQHandler) refers to stm32f4xx_hal_dma.o(i.HAL_DMA_IRQHandler) for HAL_DMA_IRQHandler
    stm32f4xx_it.o(i.DMA2_Stream0_IRQHandler) refers to dma.o(.bss) for hdma_adc1
    stm32f4xx_it.o(i.SysTick_Handler) refers to stm32f4xx_hal.o(i.HAL_IncTick) for HAL_IncTick
    system_stm32f4xx.o(i.SystemCoreClockUpdate) refers to system_stm32f4xx.o(.data) for .data
    system_stm32f4xx.o(i.SystemCoreClockUpdate) refers to system_stm32f4xx.o(.constdata) for .constdata
    main.o(i.Error_Handler) refers to stm32f4xx_hal_gpio.o(i.HAL_GPIO_TogglePin) for HAL_GPIO_TogglePin
    main.o(i.Error_Handler) refers to delay.o(i.HAL_Delay) for HAL_Delay
    main.o(i.SystemClock_Config) refers to rt_memclr_w.o(.text) for __aeabi_memclr4
    main.o(i.SystemClock_Config) refers to stm32f4xx_hal_rcc.o(i.HAL_RCC_OscConfig) for HAL_RCC_OscConfig
    main.o(i.SystemClock_Config) refers to stm32f4xx_hal_rcc.o(i.HAL_RCC_ClockConfig) for HAL_RCC_ClockConfig
    main.o(i.main) refers to stm32f4xx_hal.o(i.HAL_Init) for HAL_Init
    main.o(i.main) refers to main.o(i.SystemClock_Config) for SystemClock_Config
    main.o(i.main) refers to dma.o(i.DMA_Init) for DMA_Init
    main.o(i.main) refers to adc.o(i.MY_ADC_Init) for MY_ADC_Init
    main.o(i.main) refers to tim.o(i.TIM_Init) for TIM_Init
    main.o(i.main) refers to led.o(i.LED_GPIO_Init) for LED_GPIO_Init
    main.o(i.main) refers to uart.o(i.UART_Init) for UART_Init
    main.o(i.main) refers to fft.o(i.FFT_Init) for FFT_Init
    main.o(i.main) refers to uart.o(i.UART_Printf) for UART_Printf
    main.o(i.main) refers to adc.o(i.ADC_StartConversion) for ADC_StartConversion
    main.o(i.main) refers to uart.o(i.Send_ADC_Data_UART) for Send_ADC_Data_UART
    main.o(i.main) refers to fft.o(i.FFT_ProcessSpectrum) for FFT_ProcessSpectrum
    main.o(i.main) refers to stm32f4xx_hal_gpio.o(i.HAL_GPIO_TogglePin) for HAL_GPIO_TogglePin
    main.o(i.main) refers to delay.o(i.HAL_Delay) for HAL_Delay
    main.o(i.main) refers to main.o(.bss) for .bss
    delay.o(i.HAL_Delay) refers to delay.o(i.delay_ms) for delay_ms
    delay.o(i.delay_init) refers to delay.o(.data) for .data
    delay.o(i.delay_ms) refers to delay.o(i.delay_us) for delay_us
    delay.o(i.delay_us) refers to delay.o(.data) for .data
    sys.o(i.sys_stm32_clock_init) refers to rt_memclr_w.o(.text) for __aeabi_memclr4
    sys.o(i.sys_stm32_clock_init) refers to stm32f4xx_hal_rcc.o(i.HAL_RCC_OscConfig) for HAL_RCC_OscConfig
    sys.o(i.sys_stm32_clock_init) refers to stm32f4xx_hal_rcc.o(i.HAL_RCC_ClockConfig) for HAL_RCC_ClockConfig
    sys.o(i.sys_stm32_clock_init) refers to stm32f4xx_hal.o(i.HAL_GetREVID) for HAL_GetREVID
    usart.o(.rev16_text) refers (Special) to use_no_semi_2.o(.text) for __use_no_semihosting
[...]
    x$fpl$printf2                            0x080052e0   Section        4  printf2.o(x$fpl$printf2)
    $v0                                      0x080052e0   Number         0  printf2.o(x$fpl$printf2)
    x$fpl$retnan                             0x080052e4   Section      178  retnan.o(x$fpl$retnan)
    $v0                                      0x080052e4   Number         0  retnan.o(x$fpl$retnan)
    x$fpl$trapveneer                         0x08005396   Section      126  trapv.o(x$fpl$trapveneer)
    $v0                                      0x08005396   Number         0  trapv.o(x$fpl$trapveneer)
    .constdata                               0x08005414   Section       16  system_stm32f4xx.o(.constdata)
    x$fpl$usenofp                            0x08005414   Section        0  usenofp.o(x$fpl$usenofp)
    .constdata                               0x08005424   Section        8  system_stm32f4xx.o(.constdata)
    .constdata                               0x0800542c   Section        8  stm32f4xx_hal_dma.o(.constdata)
    flagBitshiftOffset                       0x0800542c   Data           8  stm32f4xx_hal_dma.o(.constdata)
    .constdata                               0x08005434   Section     2048  arm_common_tables.o(.constdata)
    .constdata                               0x08005c34   Section    32768  arm_common_tables.o(.constdata)
    .constdata                               0x0800dc34   Section     2052  arm_common_tables.o(.constdata)
    .constdata                               0x0800e438   Section       64  log10f.o(.constdata)
    logahi                                   0x0800e438   Data          32  log10f.o(.constdata)
    logalo                                   0x0800e458   Data          32  log10f.o(.constdata)
    .constdata                               0x0800e478   Section        8  _printf_wctomb.o(.constdata)
    initial_mbstate                          0x0800e478   Data           8  _printf_wctomb.o(.constdata)
    .constdata                               0x0800e480   Section       40  _printf_hex_int_ll_ptr.o(.constdata)
    uc_hextab                                0x0800e480   Data          20  _printf_hex_int_ll_ptr.o(.constdata)
    lc_hextab                                0x0800e494   Data          20  _printf_hex_int_ll_ptr.o(.constdata)
    .constdata                               0x0800e4a8   Section       17  __printf_flags_ss_wp.o(.constdata)
    maptable                                 0x0800e4a8   Data          17  __printf_flags_ss_wp.o(.constdata)
    .constdata                               0x0800e4b9   Section       38  _printf_fp_hex.o(.constdata)
    lc_hextab                                0x0800e4b9   Data          19  _printf_fp_hex.o(.constdata)
    uc_hextab                                0x0800e4cc   Data          19  _printf_fp_hex.o(.constdata)
    .constdata                               0x0800e4e0   Section      148  bigflt0.o(.constdata)
    tenpwrs_x                                0x0800e4e0   Data          60  bigflt0.o(.constdata)
    tenpwrs_i                                0x0800e51c   Data          64  bigflt0.o(.constdata)
    .conststring                             0x0800e574   Section      202  fft.o(.conststring)
    locale$$data                             0x0800e660   Section       28  lc_numeric_c.o(locale$$data)
    __lcnum_c_name                           0x0800e664   Data           2  lc_numeric_c.o(locale$$data)
    __lcnum_c_start                          0x0800e66c   Data           0  lc_numeric_c.o(locale$$data)
    __lcnum_c_point                          0x0800e678   Data           0  lc_numeric_c.o(locale$$data)
    __lcnum_c_thousands                      0x0800e67a   Data           0  lc_numeric_c.o(locale$$data)
    __lcnum_c_grouping                       0x0800e67b   Data           0  lc_numeric_c.o(locale$$data)
    locale$$data                             0x0800e67c   Section      272  lc_ctype_c.o(locale$$data)
    __lcnum_c_end                            0x0800e67c   Data           0  lc_numeric_c.o(locale$$data)
    __lcctype_c_name                         0x0800e680   Data           2  lc_ctype_c.o(locale$$data)
    __lcctype_c_start                        0x0800e688   Data           0  lc_ctype_c.o(locale$$data)
    __lcctype_c_end                          0x0800e78c   Data           0  lc_ctype_c.o(locale$$data)
    .ccmram                                  0x20000000   Section    20484  fft.o(.ccmram)
    fft_input                                0x20000000   Data       16384  fft.o(.ccmram)
    magnitude                                0x20004000   Data        4100  fft.o(.ccmram)
    .data                                    0x20005004   Section        4  system_stm32f4xx.o(.data)
    .data                                    0x20005008   Section        4  delay.o(.data)
    g_fac_us                                 0x20005008   Data           4  delay.o(.data)
    .data                                    0x2000500c   Section        4  usart.o(.data)
    .data                                    0x20005010   Section       12  stm32f4xx_hal.o(.data)
    .bss                                     0x2000501c   Section     4120  main.o(.bss)
    .bss                                     0x20006034   Section      272  usart.o(.bss)
    .bss                                     0x20006144   Section     4168  adc.o(.bss)
    .bss                                     0x2000718c   Section       20  fft.o(.bss)
    .bss                                     0x200071a0   Section       72  uart.o(.bss)
    .bss                                     0x200071e8   Section       96  dma.o(.bss)
    .bss                                     0x20007248   Section       72  tim.o(.bss)
    .bss                                     0x20007290   Section       96  libspace.o(.bss)
    HEAP                                     0x200072f0   Section     2048  startup_stm32f407xx.o(HEAP)
    Heap_Mem                                 0x200072f0   Data        2048  startup_stm32f407xx.o(HEAP)
    STACK                                    0x20007af0   Section     4096  startup_stm32f407xx.o(STACK)
    Stack_Mem                                0x20007af0   Data        4096  startup_stm32f407xx.o(STACK)
    __initial_sp                             0x20008af0   Data           0  startup_stm32f407xx.o(STACK)

    Global Symbols

    Symbol Name                              Value     Ov Type        Size  Object(Section)

    BuildAttributes$$THM_ISAv4$E$P$D$K$B$S$7EM$VFPi3$EXTD16$VFPS$VFMA$PE$A:L22UL41UL21$X:L11$S22US41US21$IEEE1$IW$USESV6$~STKCKD$USESV7$~SHL$OTIME$ROPI$IEEEX$EBA8$UX$STANDARDLIB$REQ8$PRES8$EABIv2 0x00000000   Number         0  anon$$obj.o ABSOLUTE
    __ARM_use_no_argv                        0x00000000   Number         0  main.o ABSOLUTE
    _printf_flags                            0x00000000   Number         0  printf_stubs.o ABSOLUTE
    _printf_return_value                     0x00000000   Number         0  printf_stubs.o ABSOLUTE
    _printf_sizespec                         0x00000000   Number         0  printf_stubs.o ABSOLUTE
    _printf_widthprec                        0x00000000   Number         0  printf_stubs.o ABSOLUTE
    __ARM_exceptions_init                     - Undefined Weak Reference
    __alloca_initialize                       - Undefined Weak Reference
    __arm_fini_                               - Undefined Weak Reference
    __arm_preinit_                            - Undefined Weak Reference
    __cpp_initialize__aeabi_                  - Undefined Weak Reference
    __cxa_finalize                            - Undefined Weak Reference
    __sigvec_lookup                           - Undefined Weak Reference
    _atexit_init                              - Undefined Weak Reference
    _call_atexit_fns                          - Undefined Weak Reference
    _clock_init                               - Undefined Weak Reference
    _fp_trap_big                              - Undefined Weak Reference
    _fp_trap_init                             - Undefined Weak Reference
    _fp_trap_shutdown                         - Undefined Weak Reference
    _get_lc_collate                           - Undefined Weak Reference
    _get_lc_monetary                          - Undefined Weak Reference
    _get_lc_time                              - Undefined Weak Reference
    _getenv_init                              - Undefined Weak Reference
    _handle_redirection                       - Undefined Weak Reference
    _init_alloc                               - Undefined Weak Reference
    _init_user_alloc                          - Undefined Weak Reference
    _initio                                   - Undefined Weak Reference
    _printf_mbtowc                            - Undefined Weak Reference
    _printf_wc                                - Undefined Weak Reference
    _rand_init                                - Undefined Weak Reference
    _signal_finish                            - Undefined Weak Reference
    _signal_init                              - Undefined Weak Reference
    _terminate_alloc                          - Undefined Weak Reference
    _terminate_user_alloc                     - Undefined Weak Reference
    _terminateio                              - Undefined Weak Reference
    __Vectors_Size                           0x00000188   Number         0  startup_stm32f407xx.o ABSOLUTE
    __Vectors                                0x08000000   Data           4  startup_stm32f407xx.o(RESET)
    __Vectors_End                            0x08000188   Data           0  startup_stm32f407xx.o(RESET)
    __main                                   0x08000189   Thumb Code     8  __main.o(!!!main)
    __scatterload                            0x08000191   Thumb Code     0  __scatter.o(!!!scatter)
    __scatterload_rt2                        0x08000191   Thumb Code    44  __scatter.o(!!!scatter)
    __scatterload_rt2_thumb_only             0x08000191   Thumb Code     0  __scatter.o(!!!scatter)
    __scatterload_null                       0x0800019f   Thumb Code     0  __scatter.o(!!!scatter)
    __decompress                             0x080001c5   Thumb Code    58  __dczerorl.o(!!dczerorl)
    __decompress0                            0x080001c5   Thumb Code     0  __dczerorl.o(!!dczerorl)
    __scatterload_zeroinit                   0x08000201   Thumb Code    28  __scatter_zi.o(!!handler_zi)
    _printf_n                                0x0800021d   Thumb Code     0  _printf_n.o(.ARM.Collect$$_printf_percent$$00000001)
    _printf_percent                          0x0800021d   Thumb Code     0  _printf_percent.o(.ARM.Collect$$_printf_percent$$00000000)
    _printf_p                                0x08000223   Thumb Code     0  _printf_p.o(.ARM.Collect$$_printf_percent$$00000002)
    _printf_f                                0x08000229   Thumb Code     0  _printf_f.o(.ARM.Collect$$_printf_percent$$00000003)
    _printf_e                                0x0800022f   Thumb Code     0  _printf_e.o(.ARM.Collect$$_printf_percent$$00000004)
    _printf_g                                0x08000235   Thumb Code     0  _printf_g.o(.ARM.Collect$$_printf_percent$$00000005)
    _printf_a                                0x0800023b   Thumb Code     0  _printf_a.o(.ARM.Collect$$_printf_percent$$00000006)
    _printf_ll                               0x08000241   Thumb Code     0  _printf_ll.o(.ARM.Collect$$_printf_percent$$00000007)
    _printf_i                                0x0800024b   Thumb Code     0  _printf_i.o(.ARM.Collect$$_printf_percent$$00000008)
    _printf_d                                0x08000251   Thumb Code     0  _printf_d.o(.ARM.Collect$$_printf_percent$$00000009)
    _printf_u                                0x08000257   Thumb Code     0  _printf_u.o(.ARM.Collect$$_printf_percent$$0000000A)
    _printf_o                                0x0800025d   Thumb Code     0  _printf_o.o(.ARM.Collect$$_printf_percent$$0000000B)
    _printf_x                                0x08000263   Thumb Code     0  _printf_x.o(.ARM.Collect$$_printf_percent$$0000000C)
    _printf_lli                              0x08000269   Thumb Code     0  _printf_lli.o(.ARM.Collect$$_printf_percent$$0000000D)
    _printf_lld                              0x0800026f   Thumb Code     0  _printf_lld.o(.ARM.Collect$$_printf_percent$$0000000E)
    _printf_llu                              0x08000275   Thumb Code     0  _printf_llu.o(.ARM.Collect$$_printf_percent$$0000000F)
    _printf_llo                              0x0800027b   Thumb Code     0  _printf_llo.o(.ARM.Collect$$_printf_percent$$00000010)
    _printf_llx                              0x08000281   Thumb Code     0  _printf_llx.o(.ARM.Collect$$_printf_percent$$00000011)
    _printf_l                                0x08000287   Thumb Code     0  _printf_l.o(.ARM.Collect$$_printf_percent$$00000012)
    _printf_c                                0x08000291   Thumb Code     0  _printf_c.o(.ARM.Collect$$_printf_percent$$00000013)
    _printf_s                                0x08000297   Thumb Code     0  _printf_s.o(.ARM.Collect$$_printf_percent$$00000014)
    _printf_lc                               0x0800029d   Thumb Code     0  _printf_lc.o(.ARM.Collect$$_printf_percent$$00000015)
    _printf_ls                               0x080002a3   Thumb Code     0  _printf_ls.o(.ARM.Collect$$_printf_percent$$00000016)
    _printf_percent_end                      0x080002a9   Thumb Code     0  _printf_percent_end.o(.ARM.Collect$$_printf_percent$$00000017)
    __rt_lib_init                            0x080002ad   Thumb Code     0  libinit.o(.ARM.Collect$$libinit$$00000000)
    __rt_lib_init_fp_1                       0x080002af   Thumb Code     0  libinit2.o(.ARM.Collect$$libinit$$00000001)
    __rt_lib_init_heap_1                     0x080002b3   Thumb Code     0  libinit2.o(.ARM.Collect$$libinit$$0000000A)
    __rt_lib_init_lc_common                  0x080002b3   Thumb Code     0  libinit2.o(.ARM.Collect$$libinit$$0000000F)
    __rt_lib_init_preinit_1                  0x080002b3   Thumb Code     0  libinit2.o(.ARM.Collect$$libinit$$00000004)
    __rt_lib_init_rand_1                     0x080002b3   Thumb Code     0  libinit2.o(.ARM.Collect$$libinit$$0000000E)
    __rt_lib_init_user_alloc_1               0x080002b3   Thumb Code     0  libinit2.o(.ARM.Collect$$libinit$$0000000C)
    __rt_lib_init_lc_collate_1               0x080002b9   Thumb Code     0  libinit2.o(.ARM.Collect$$libinit$$00000011)
    __rt_lib_init_lc_ctype_2                 0x080002b9   Thumb Code     0  libinit2.o(.ARM.Collect$$libinit$$00000012)
    __rt_lib_init_lc_ctype_1                 0x080002c5   Thumb Code     0  libinit2.o(.ARM.Collect$$libinit$$00000013)
    __rt_lib_init_lc_monetary_1              0x080002c5   Thumb Code     0  libinit2.o(.ARM.Collect$$libinit$$00000015)
    __rt_lib_init_lc_numeric_2               0x080002c5   Thumb Code     0  libinit2.o(.ARM.Collect$$libinit$$00000016)
    __rt_lib_init_alloca_1                   0x080002cf   Thumb Code     0  libinit2.o(.ARM.Collect$$libinit$$0000002E)
    __rt_lib_init_argv_1                     0x080002cf   Thumb Code     0  libinit2.o(.ARM.Collect$$libinit$$0000002C)
    __rt_lib_init_atexit_1                   0x080002cf   Thumb Code     0  libinit2.o(.ARM.Collect$$libinit$$0000001B)
    __rt_lib_init_clock_1                    0x080002cf   Thumb Code     0  libinit2.o(.ARM.Collect$$libinit$$00000021)
    __rt_lib_init_cpp_1                      0x080002cf   Thumb Code     0  libinit2.o(.ARM.Collect$$libinit$$00000032)
    __rt_lib_init_exceptions_1               0x080002cf   Thumb Code     0  libinit2.o(.ARM.Collect$$libinit$$00000030)
    __rt_lib_init_fp_trap_1                  0x080002cf   Thumb Code     0  libinit2.o(.ARM.Collect$$libinit$$0000001F)
    __rt_lib_init_getenv_1                   0x080002cf   Thumb Code     0  libinit2.o(.ARM.Collect$$libinit$$00000023)
    __rt_lib_init_lc_numeric_1               0x080002cf   Thumb Code     0  libinit2.o(.ARM.Collect$$libinit$$00000017)
    __rt_lib_init_lc_time_1                  0x080002cf   Thumb Code     0  libinit2.o(.ARM.Collect$$libinit$$00000019)
    __rt_lib_init_return                     0x080002cf   Thumb Code     0  libinit2.o(.ARM.Collect$$libinit$$00000033)
    __rt_lib_init_signal_1                   0x080002cf   Thumb Code     0  libinit2.o(.ARM.Collect$$libinit$$0000001D)
    __rt_lib_init_stdio_1                    0x080002cf   Thumb Code     0  libinit2.o(.ARM.Collect$$libinit$$00000025)
    __rt_lib_shutdown                        0x080002d1   Thumb Code     0  libshutdown.o(.ARM.Collect$$libshutdown$$00000000)
    __rt_lib_shutdown_cpp_1                  0x080002d3   Thumb Code     0  libshutdown2.o(.ARM.Collect$$libshutdown$$00000004)
    __rt_lib_shutdown_fini_1                 0x080002d3   Thumb Code     0  libshutdown2.o(.ARM.Collect$$libshutdown$$00000002)
    __rt_lib_shutdown_fp_trap_1              0x080002d3   Thumb Code     0  libshutdown2.o(.ARM.Collect$$libshutdown$$00000009)
    __rt_lib_shutdown_heap_1                 0x080002d3   Thumb Code     0  libshutdown2.o(.ARM.Collect$$libshutdown$$00000011)
    __rt_lib_shutdown_return                 0x080002d3   Thumb Code     0  libshutdown2.o(.ARM.Collect$$libshutdown$$00000012)
    __rt_lib_shutdown_signal_1               0x080002d3   Thumb Code     0  libshutdown2.o(.ARM.Collect$$libshutdown$$0000000C)
    __rt_lib_shutdown_stdio_1                0x080002d3   Thumb Code     0  libshutdown2.o(.ARM.Collect$$libshutdown$$00000006)
    __rt_lib_shutdown_user_alloc_1           0x080002d3   Thumb Code     0  libshutdown2.o(.ARM.Collect$$libshutdown$$0000000E)
    __rt_entry                               0x080002d5   Thumb Code     0  __rtentry.o(.ARM.Collect$$rtentry$$00000000)
    __rt_entry_presh_1                       0x080002d5   Thumb Code     0  __rtentry2.o(.ARM.Collect$$rtentry$$00000002)
    __rt_entry_sh                            0x080002d5   Thumb Code     0  __rtentry4.o(.ARM.Collect$$rtentry$$00000004)
    __rt_entry_li                            0x080002db   Thumb Code     0  __rtentry2.o(.ARM.Collect$$rtentry$$0000000A)
    __rt_entry_postsh_1                      0x080002db   Thumb Code     0  __rtentry2.o(.ARM.Collect$$rtentry$$00000009)
    __rt_entry_main                          0x080002df   Thumb Code     0  __rtentry2.o(.ARM.Collect$$rtentry$$0000000D)
    __rt_entry_postli_1                      0x080002df   Thumb Code     0  __rtentry2.o(.ARM.Collect$$rtentry$$0000000C)
    __rt_exit                                0x080002e7   Thumb Code     0  rtexit.o(.ARM.Collect$$rtexit$$00000000)
    __rt_exit_ls                             0x080002e9   Thumb Code     0  rtexit2.o(.ARM.Collect$$rtexit$$00000003)
    __rt_exit_prels_1                        0x080002e9   Thumb Code     0  rtexit2.o(.ARM.Collect$$rtexit$$00000002)
    __rt_exit_exit                           0x080002ed   Thumb Code     0  rtexit2.o(.ARM.Collect$$rtexit$$00000004)
    Reset_Handler                            0x080002f5   Thumb Code     8  startup_stm32f407xx.o(.text)
    ADC_IRQHandler                           0x0800030f   Thumb Code     0  startup_stm32f407xx.o(.text)
    CAN1_RX0_IRQHandler                      0x0800030f   Thumb Code     0  startup_stm32f407xx.o(.text)
    CAN1_RX1_IRQHandler                      0x0800030f   Thumb Code     0  startup_stm32f407xx.o(.text)
    CAN1_SCE_IRQHandler                      0x0800030f   Thumb Code     0  startup_stm32f407xx.o(.text)
    CAN1_TX_IRQHandler                       0x0800030f   Thumb Code     0  startup_stm32f407xx.o(.text)
    CAN2_RX0_IRQHandler                      0x0800030f   Thumb Code     0  startup_stm32f407xx.o(.text)
    CAN2_RX1_IRQHandler                      0x0800030f   Thumb Code     0  startup_stm32f407xx.o(.text)
    CAN2_SCE_IRQHandler                      0x0800030f   Thumb Code     0  startup_stm32f407xx.o(.text)
    CAN2_TX_IRQHandler                       0x0800030f   Thumb Code     0  startup_stm32f407xx.o(.text)
    DCMI_IRQHandler                          0x0800030f   Thumb Code     0  startup_stm32f407xx.o(.text)
    DMA1_Stream0_IRQHandler                  0x0800030f   Thumb Code     0  startup_stm32f407xx.o(.text)
    DMA1_Stream1_IRQHandler                  0x0800030f   Thumb Code     0  startup_stm32f407xx.o(.text)
    DMA1_Stream2_IRQHandler                  0x0800030f   Thumb Code     0  startup_stm32f407xx.o(.text)
    DMA1_Stream3_IRQHandler                  0x0800030f   Thumb Code     0  startup_stm32f407xx.o(.text)
    DMA1_Stream4_IRQHandler                  0x0800030f   Thumb Code     0  startup_stm32f407xx.o(.text)
    DMA1_Stream5_IRQHandler                  0x0800030f   Thumb Code     0  startup_stm32f407xx.o(.text)
    DMA1_Stream6_IRQHandler                  0x0800030f   Thumb Code     0  startup_stm32f407xx.o(.text)
    DMA1_Stream7_IRQHandler                  0x0800030f   Thumb Code     0  startup_stm32f407xx.o(.text)
    DMA2_Stream1_IRQHandler                  0x0800030f   Thumb Code     0  startup_stm32f407xx.o(.text)
    DMA2_Stream2_IRQHandler                  0x0800030f   Thumb Code     0  startup_stm32f407xx.o(.text)
    DMA2_Stream3_IRQHandler                  0x0800030f   Thumb Code     0  startup_stm32f407xx.o(.text)
    DMA2_Stream4_IRQHandler                  0x0800030f   Thumb Code     0  startup_stm32f407xx.o(.text)
    DMA2_Stream5_IRQHandler                  0x0800030f   Thumb Code     0  startup_stm32f407xx.o(.text)
    DMA2_Stream6_IRQHandler                  0x0800030f   Thumb Code     0  startup_stm32f407xx.o(.text)
    DMA2_Stream7_IRQHandler                  0x0800030f   Thumb Code     0  startup_stm32f407xx.o(.text)
    ETH_IRQHandler                           0x0800030f   Thumb Code     0  startup_stm32f407xx.o(.text)
    ETH_WKUP_IRQHandler                      0x0800030f   Thumb Code     0  startup_stm32f407xx.o(.text)
    EXTI0_IRQHandler                         0x0800030f   Thumb Code     0  startup_stm32f407xx.o(.text)
    EXTI15_10_IRQHandler                     0x0800030f   Thumb Code     0  startup_stm32f407xx.o(.text)
    EXTI1_IRQHandler                         0x0800030f   Thumb Code     0  startup_stm32f407xx.o(.text)
    EXTI2_IRQHandler                         0x0800030f   Thumb Code     0  startup_stm32f407xx.o(.text)
    EXTI3_IRQHandler                         0x0800030f   Thumb Code     0  startup_stm32f407xx.o(.text)
    EXTI4_IRQHandler                         0x0800030f   Thumb Code     0  startup_stm32f407xx.o(.text)
    EXTI9_5_IRQHandler                       0x0800030f   Thumb Code     0  startup_stm32f407xx.o(.text)
    FLASH_IRQHandler                         0x0800030f   Thumb Code     0  startup_stm32f407xx.o(.text)
    FMC_IRQHandler                           0x0800030f   Thumb Code     0  startup_stm32f407xx.o(.text)
    FPU_IRQHandler                           0x0800030f   Thumb Code     0  startup_stm32f407xx.o(.text)
    HASH_RNG_IRQHandler                      0x0800030f   Thumb Code     0  startup_stm32f407xx.o(.text)
    I2C1_ER_IRQHandler                       0x0800030f   Thumb Code     0  startup_stm32f407xx.o(.text)
    I2C1_EV_IRQHandler                       0x0800030f   Thumb Code     0  startup_stm32f407xx.o(.text)
    I2C2_ER_IRQHandler                       0x0800030f   Thumb Code     0  startup_stm32f407xx.o(.text)
    I2C2_EV_IRQHandler                       0x0800030f   Thumb Code     0  startup_stm32f407xx.o(.text)
    I2C3_ER_IRQHandler                       0x0800030f   Thumb Code     0  startup_stm32f407xx.o(.text)
    I2C3_EV_IRQHandler                       0x0800030f   Thumb Code     0  startup_stm32f407xx.o(.text)
    OTG_FS_IRQHandler                        0x0800030f   Thumb Code     0  startup_stm32f407xx.o(.text)
    OTG_FS_WKUP_IRQHandler                   0x0800030f   Thumb Code     0  startup_stm32f407xx.o(.text)
    OTG_HS_EP1_IN_IRQHandler                 0x0800030f   Thumb Code     0  startup_stm32f407xx.o(.text)
    OTG_HS_EP1_OUT_IRQHandler                0x0800030f   Thumb Code     0  startup_stm32f407xx.o(.text)
    OTG_HS_IRQHandler                        0x0800030f   Thumb Code     0  startup_stm32f407xx.o(.text)
    OTG_HS_WKUP_IRQHandler                   0x0800030f   Thumb Code     0  startup_stm32f407xx.o(.text)
    PVD_IRQHandler                           0x0800030f   Thumb Code     0  startup_stm32f407xx.o(.text)
    RCC_IRQHandler                           0x0800030f   Thumb Code     0  startup_stm32f407xx.o(.text)
    RTC_Alarm_IRQHandler                     0x0800030f   Thumb Code     0  startup_stm32f407xx.o(.text)
    RTC_WKUP_IRQHandler                      0x0800030f   Thumb Code     0  startup_stm32f407xx.o(.text)
    SDIO_IRQHandler                          0x0800030f   Thumb Code     0  startup_stm32f407xx.o(.text)
    SPI1_IRQHandler                          0x0800030f   Thumb Code     0  startup_stm32f407xx.o(.text)
    SPI2_IRQHandler                          0x0800030f   Thumb Code     0  startup_stm32f407xx.o(.text)
    SPI3_IRQHandler                          0x0800030f   Thumb Code     0  startup_stm32f407xx.o(.text)
    TAMP_STAMP_IRQHandler                    0x0800030f   Thumb Code     0  startup_stm32f407xx.o(.text)
    TIM1_BRK_TIM9_IRQHandler                 0x0800030f   Thumb Code     0  startup_stm32f407xx.o(.text)
    TIM1_CC_IRQHandler                       0x0800030f   Thumb Code     0  startup_stm32f407xx.o(.text)
    TIM1_TRG_COM_TIM11_IRQHandler            0x0800030f   Thumb Code     0  startup_stm32f407xx.o(.text)
    TIM1_UP_TIM10_IRQHandler                 0x0800030f   Thumb Code     0  startup_stm32f407xx.o(.text)
    TIM2_IRQHandler                          0x0800030f   Thumb Code     0  startup_stm32f407xx.o(.text)
    TIM3_IRQHandler                          0x0800030f   Thumb Code     0  startup_stm32f407xx.o(.text)
    TIM4_IRQHandler                          0x0800030f   Thumb Code     0  startup_stm32f407xx.o(.text)
    TIM5_IRQHandler                          0x0800030f   Thumb Code     0  startup_stm32f407xx.o(.text)
    TIM6_DAC_IRQHandler                      0x0800030f   Thumb Code     0  startup_stm32f407xx.o(.text)
    TIM7_IRQHandler                          0x0800030f   Thumb Code     0  startup_stm32f407xx.o(.text)
    TIM8_BRK_TIM12_IRQHandler                0x0800030f   Thumb Code     0  startup_stm32f407xx.o(.text)
    TIM8_CC_IRQHandler                       0x0800030f   Thumb Code     0  startup_stm32f407xx.o(.text)
    TIM8_TRG_COM_TIM14_IRQHandler            0x0800030f   Thumb Code     0  startup_stm32f407xx.o(.text)
    TIM8_UP_TIM13_IRQHandler                 0x0800030f   Thumb Code     0  startup_stm32f407xx.o(.text)
    UART4_IRQHandler                         0x0800030f   Thumb Code     0  startup_stm32f407xx.o(.text)
    UART5_IRQHandler                         0x0800030f   Thumb Code     0  startup_stm32f407xx.o(.text)
    USART2_IRQHandler                        0x0800030f   Thumb Code     0  startup_stm32f407xx.o(.text)
    USART3_IRQHandler                        0x0800030f   Thumb Code     0  startup_stm32f407xx.o(.text)
    USART6_IRQHandler                        0x0800030f   Thumb Code     0  startup_stm32f407xx.o(.text)
    WWDG_IRQHandler                          0x0800030f   Thumb Code     0  startup_stm32f407xx.o(.text)
    __user_initial_stackheap                 0x08000311   Thumb Code     0  startup_stm32f407xx.o(.text)
    arm_cos_f32                              0x08000335   Thumb Code   108  arm_cos_f32.o(.text)
    arm_cmplx_mag_f32                        0x080003ad   Thumb Code   246  arm_cmplx_mag_f32.o(.text)
    arm_radix2_butterfly_f32                 0x080004a9   Thumb Code   344  arm_cfft_radix2_f32.o(.text)
    arm_radix2_butterfly_inverse_f32         0x08000601   Thumb Code   364  arm_cfft_radix2_f32.o(.text)
    arm_cfft_radix2_f32                      0x0800076d   Thumb Code    60  arm_cfft_radix2_f32.o(.text)
    arm_cfft_radix2_init_f32                 0x080007a9   Thumb Code   230  arm_cfft_radix2_init_f32.o(.text)
    arm_max_f32                              0x080008dd   Thumb Code   216  arm_max_f32.o(.text)
    arm_bitreversal_f32                      0x080009b5   Thumb Code   178  arm_bitreversal.o(.text)
    arm_bitreversal_q31                      0x08000a67   Thumb Code   170  arm_bitreversal.o(.text)
    arm_bitreversal_q15                      0x08000b11   Thumb Code   122  arm_bitreversal.o(.text)
    __use_no_semihosting                     0x08000b8b   Thumb Code     2  use_no_semi_2.o(.text)
    __aeabi_uldivmod                         0x08000b8d   Thumb Code     0  lludivv7m.o(.text)
    _ll_udiv                                 0x08000b8d   Thumb Code   238  lludivv7m.o(.text)
    vsnprintf                                0x08000c7d   Thumb Code    48  vsnprintf.o(.text)
    __aeabi_memclr4                          0x08000cb1   Thumb Code     0  rt_memclr_w.o(.text)
    __aeabi_memclr8                          0x08000cb1   Thumb Code     0  rt_memclr_w.o(.text)
    __rt_memclr_w                            0x08000cb1   Thumb Code    78  rt_memclr_w.o(.text)
    _memset_w                                0x08000cb5   Thumb Code     0  rt_memclr_w.o(.text)
    __use_two_region_memory                  0x08000cff   Thumb Code     2  heapauxi.o(.text)
    __rt_heap_escrow$2region                 0x08000d01   Thumb Code     2  heapauxi.o(.text)
    __rt_heap_expand$2region                 0x08000d03   Thumb Code     2  heapauxi.o(.text)
    __semihosting$guard                      0x08000d05   Thumb Code     0  use_no_semi.o(.text)
    __use_no_semihosting_swi                 0x08000d05   Thumb Code     2  use_no_semi.o(.text)
    __read_errno                             0x08000d07   Thumb Code    10  _rserrno.o(.text)
    __set_errno                              0x08000d11   Thumb Code    12  _rserrno.o(.text)
    _printf_pre_padding                      0x08000d1d   Thumb Code    44  _printf_pad.o(.text)
    _printf_post_padding                     0x08000d49   Thumb Code    34  _printf_pad.o(.text)
    _printf_truncate_signed                  0x08000d6b   Thumb Code    18  _printf_truncate.o(.text)
    _printf_truncate_unsigned                0x08000d7d   Thumb Code    18  _printf_truncate.o(.text)
    _printf_str                              0x08000d8f   Thumb Code    82  _printf_str.o(.text)
    _printf_int_dec                          0x08000de1   Thumb Code   104  _printf_dec.o(.text)
    _printf_charcount                        0x08000e59   Thumb Code    40  _printf_charcount.o(.text)
    _printf_char_common                      0x08000e8b   Thumb Code    32  _printf_char_common.o(.text)
    _sputc                                   0x08000eb1   Thumb Code    10  _sputc.o(.text)
    _snputc                                  0x08000ebb   Thumb Code    16  _snputc.o(.text)
    _printf_wctomb                           0x08000ecd   Thumb Code   182  _printf_wctomb.o(.text)
    _printf_longlong_dec                     0x08000f89   Thumb Code   108  _printf_longlong_dec.o(.text)
    _printf_longlong_oct                     0x08001005   Thumb Code    66  _printf_oct_int_ll.o(.text)
    _printf_int_oct                          0x08001047   Thumb Code    24  _printf_oct_int_ll.o(.text)
    _printf_ll_oct                           0x0800105f   Thumb Code    12  _printf_oct_int_ll.o(.text)
    _printf_longlong_hex                     0x08001075   Thumb Code    86  _printf_hex_int_ll_ptr.o(.text)
    _printf_int_hex                          0x080010cb   Thumb Code    28  _printf_hex_int_ll_ptr.o(.text)
    _printf_ll_hex                           0x080010e7   Thumb Code    12  _printf_hex_int_ll_ptr.o(.text)
    _printf_hex_ptr                          0x080010f3   Thumb Code    18  _printf_hex_int_ll_ptr.o(.text)
    __printf                                 0x08001109   Thumb Code   388  __printf_flags_ss_wp.o(.text)
    __aeabi_errno_addr                       0x08001291   Thumb Code     8  rt_errno_addr_intlibspace.o(.text)
    __errno$intlibspace                      0x08001291   Thumb Code     0  rt_errno_addr_intlibspace.o(.text)
    __rt_errno_addr$intlibspace              0x08001291   Thumb Code     0  rt_errno_addr_intlibspace.o(.text)
    _ll_udiv10                               0x08001299   Thumb Code   138  lludiv10.o(.text)
    _printf_int_common                       0x08001323   Thumb Code   178  _printf_intcommon.o(.text)
    __lib_sel_fp_printf                      0x080013d5   Thumb Code     2  _printf_fp_dec.o(.text)
    _printf_fp_dec_real                      0x08001587   Thumb Code   620  _printf_fp_dec.o(.text)
    _printf_fp_hex_real                      0x080017f5   Thumb Code   756  _printf_fp_hex.o(.text)
    _printf_cs_common                        0x08001af1   Thumb Code    20  _printf_char.o(.text)
    _printf_char                             0x08001b05   Thumb Code    16  _printf_char.o(.text)
    _printf_string                           0x08001b15   Thumb Code     8  _printf_char.o(.text)
    _printf_lcs_common                       0x08001b1d   Thumb Code    20  _printf_wchar.o(.text)
    _printf_wchar                            0x08001b31   Thumb Code    16  _printf_wchar.o(.text)
    _printf_wstring                          0x08001b41   Thumb Code     8  _printf_wchar.o(.text)
    _wcrtomb                                 0x08001b49   Thumb Code    64  _wcrtomb.o(.text)
    __user_libspace                          0x08001b89   Thumb Code     8  libspace.o(.text)
    __user_perproc_libspace                  0x08001b89   Thumb Code     0  libspace.o(.text)
    __user_perthread_libspace                0x08001b89   Thumb Code     0  libspace.o(.text)
    __user_setup_stackheap                   0x08001b91   Thumb Code    74  sys_stackheap_outer.o(.text)
    __rt_ctype_table                         0x08001bdd   Thumb Code    16  rt_ctype_table.o(.text)
    __rt_locale                              0x08001bed   Thumb Code     8  rt_locale_intlibspace.o(.text)
    _printf_fp_infnan                        0x08001bf5   Thumb Code   112  _printf_fp_infnan.o(.text)
    _btod_etento                             0x08001c75   Thumb Code   224  bigflt0.o(.text)
    exit                                     0x08001d59   Thumb Code    18  exit.o(.text)
    __rt_SIGFPE                              0x08001d6b   Thumb Code    14  defsig_fpe_outer.o(.text)
    _fp_trap                                 0x08001d79   Thumb Code    44  _fptrap.o(.text)
    __sig_exit                               0x08001da9   Thumb Code    10  defsig_exit.o(.text)
    __rt_SIGFPE_inner                        0x08001db5   Thumb Code    62  defsig_fpe_inner.o(.text)
    strcmp                                   0x08001e61   Thumb Code   128  strcmpv7m.o(.text)
    __default_signal_display                 0x08001ee1   Thumb Code    50  defsig_general.o(.text)
    _btod_d2e                                0x08001f13   Thumb Code    62  btod.o(CL$$btod_d2e)
    _d2e_denorm_low                          0x08001f51   Thumb Code    70  btod.o(CL$$btod_d2e_denorm_low)
    _d2e_norm_op1                            0x08001f97   Thumb Code    96  btod.o(CL$$btod_d2e_norm_op1)
    __btod_div_common                        0x08001ff7   Thumb Code   696  btod.o(CL$$btod_div_common)
    _e2e                                     0x0800232f   Thumb Code   220  btod.o(CL$$btod_e2e)
    _btod_ediv                               0x0800240b   Thumb Code    42  btod.o(CL$$btod_ediv)
    _btod_emul                               0x08002435   Thumb Code    42  btod.o(CL$$btod_emul)
    __btod_mult_common                       0x0800245f   Thumb Code   580  btod.o(CL$$btod_mult_common)
    ADC_StartConversion                      0x08002861   Thumb Code    60  adc.o(i.ADC_StartConversion)
    BusFault_Handler                         0x080028fd   Thumb Code     2  stm32f4xx_it.o(i.BusFault_Handler)
    CRC16_Modbus                             0x080028ff   Thumb Code    52  uart.o(i.CRC16_Modbus)
    DMA2_Stream0_IRQHandler                  0x08002935   Thumb Code     6  stm32f4xx_it.o(i.DMA2_Stream0_IRQHandler)
    DMA_Init                                 0x080029e5   Thumb Code    92  dma.o(i.DMA_Init)
    DebugMon_Handler                         0x08002a7b   Thumb Code     2  stm32f4xx_it.o(i.DebugMon_Handler)
    Error_Handler                            0x08002a7d   Thumb Code    20  main.o(i.Error_Handler)
    FFT_Init                                 0x08002a95   Thumb Code    42  fft.o(i.FFT_Init)
    FFT_Process                              0x08002afd   Thumb Code   154  fft.o(i.FFT_Process)
    FFT_ProcessSpectrum                      0x08002bc1   Thumb Code   310  fft.o(i.FFT_ProcessSpectrum)
    HAL_ADC_ConfigChannel                    0x08002d11   Thumb Code   326  stm32f4xx_hal_adc.o(i.HAL_ADC_ConfigChannel)
    HAL_ADC_ConvCpltCallback                 0x08002e69   Thumb Code    30  adc.o(i.HAL_ADC_ConvCpltCallback)
    HAL_ADC_ConvHalfCpltCallback             0x08002ecd   Thumb Code     2  stm32f4xx_hal_adc.o(i.HAL_ADC_ConvHalfCpltCallback)
    HAL_ADC_ErrorCallback                    0x08002ecf   Thumb Code     2  stm32f4xx_hal_adc.o(i.HAL_ADC_ErrorCallback)
    HAL_ADC_Init                             0x08002ed1   Thumb Code    84  stm32f4xx_hal_adc.o(i.HAL_ADC_Init)
    HAL_ADC_MspInit                          0x08002f25   Thumb Code     2  stm32f4xx_hal_adc.o(i.HAL_ADC_MspInit)
    HAL_ADC_Start_DMA                        0x08002f29   Thumb Code   328  stm32f4xx_hal_adc.o(i.HAL_ADC_Start_DMA)
    HAL_DMA_Abort                            0x08003095   Thumb Code   142  stm32f4xx_hal_dma.o(i.HAL_DMA_Abort)
    HAL_DMA_Abort_IT                         0x08003123   Thumb Code    36  stm32f4xx_hal_dma.o(i.HAL_DMA_Abort_IT)
    HAL_DMA_IRQHandler                       0x08003149   Thumb Code   460  stm32f4xx_hal_dma.o(i.HAL_DMA_IRQHandler)
    HAL_DMA_Init                             0x08003319   Thumb Code   208  stm32f4xx_hal_dma.o(i.HAL_DMA_Init)
    HAL_DMA_Start_IT                         0x080033ed   Thumb Code   110  stm32f4xx_hal_dma.o(i.HAL_DMA_Start_IT)
    HAL_Delay                                0x0800345b   Thumb Code     6  delay.o(i.HAL_Delay)
    HAL_GPIO_Init                            0x08003461   Thumb Code   420  stm32f4xx_hal_gpio.o(i.HAL_GPIO_Init)
    HAL_GPIO_TogglePin                       0x08003631   Thumb Code    16  stm32f4xx_hal_gpio.o(i.HAL_GPIO_TogglePin)
    HAL_GPIO_WritePin                        0x08003641   Thumb Code    14  stm32f4xx_hal_gpio.o(i.HAL_GPIO_WritePin)
    HAL_GetTick                              0x08003651   Thumb Code     6  stm32f4xx_hal.o(i.HAL_GetTick)
    HAL_IncTick                              0x0800365d   Thumb Code    12  stm32f4xx_hal.o(i.HAL_IncTick)
    HAL_Init                                 0x0800366d   Thumb Code    48  stm32f4xx_hal.o(i.HAL_Init)
    HAL_InitTick                             0x080036a1   Thumb Code    58  stm32f4xx_hal.o(i.HAL_InitTick)
    HAL_MspInit                              0x080036e5   Thumb Code     2  stm32f4xx_hal.o(i.HAL_MspInit)
    HAL_NVIC_EnableIRQ                       0x080036e7   Thumb Code    26  stm32f4xx_hal_cortex.o(i.HAL_NVIC_EnableIRQ)
    HAL_NVIC_SetPriority                     0x08003701   Thumb Code    60  stm32f4xx_hal_cortex.o(i.HAL_NVIC_SetPriority)
    HAL_NVIC_SetPriorityGrouping             0x08003741   Thumb Code    26  stm32f4xx_hal_cortex.o(i.HAL_NVIC_SetPriorityGrouping)
    HAL_RCC_ClockConfig                      0x08003765   Thumb Code   310  stm32f4xx_hal_rcc.o(i.HAL_RCC_ClockConfig)
    HAL_RCC_GetHCLKFreq                      0x080038b1   Thumb Code     6  stm32f4xx_hal_rcc.o(i.HAL_RCC_GetHCLKFreq)
    HAL_RCC_GetPCLK1Freq                     0x080038bd   Thumb Code    22  stm32f4xx_hal_rcc.o(i.HAL_RCC_GetPCLK1Freq)
    HAL_RCC_GetPCLK2Freq                     0x080038dd   Thumb Code    22  stm32f4xx_hal_rcc.o(i.HAL_RCC_GetPCLK2Freq)
    HAL_RCC_GetSysClockFreq                  0x080038fd   Thumb Code    94  stm32f4xx_hal_rcc.o(i.HAL_RCC_GetSysClockFreq)
    HAL_RCC_OscConfig                        0x08003965   Thumb Code   942  stm32f4xx_hal_rcc.o(i.HAL_RCC_OscConfig)
    HAL_SYSTICK_Config                       0x08003d25   Thumb Code    40  stm32f4xx_hal_cortex.o(i.HAL_SYSTICK_Config)
    HAL_TIMEx_MasterConfigSynchronization    0x08003d4d   Thumb Code   114  stm32f4xx_hal_tim_ex.o(i.HAL_TIMEx_MasterConfigSynchronization)
    HAL_TIM_Base_Init                        0x08003ddd   Thumb Code    74  stm32f4xx_hal_tim.o(i.HAL_TIM_Base_Init)
    HAL_TIM_Base_MspInit                     0x08003e27   Thumb Code     2  stm32f4xx_hal_tim.o(i.HAL_TIM_Base_MspInit)
    HAL_TIM_Base_Start                       0x08003e29   Thumb Code   100  stm32f4xx_hal_tim.o(i.HAL_TIM_Base_Start)
    HAL_UARTEx_RxEventCallback               0x08003ea9   Thumb Code     2  stm32f4xx_hal_uart.o(i.HAL_UARTEx_RxEventCallback)
    HAL_UART_ErrorCallback                   0x08003eab   Thumb Code     2  stm32f4xx_hal_uart.o(i.HAL_UART_ErrorCallback)
    HAL_UART_IRQHandler                      0x08003ead   Thumb Code   556  stm32f4xx_hal_uart.o(i.HAL_UART_IRQHandler)
    HAL_UART_Init                            0x080040dd   Thumb Code   102  stm32f4xx_hal_uart.o(i.HAL_UART_Init)
    HAL_UART_MspInit                         0x08004145   Thumb Code   130  usart.o(i.HAL_UART_MspInit)
    HAL_UART_Receive_IT                      0x080041d5   Thumb Code    28  stm32f4xx_hal_uart.o(i.HAL_UART_Receive_IT)
    HAL_UART_RxCpltCallback                  0x080041f1   Thumb Code    96  usart.o(i.HAL_UART_RxCpltCallback)
    HAL_UART_Transmit                        0x0800425d   Thumb Code   174  stm32f4xx_hal_uart.o(i.HAL_UART_Transmit)
    HAL_UART_TxCpltCallback                  0x0800430b   Thumb Code     2  stm32f4xx_hal_uart.o(i.HAL_UART_TxCpltCallback)
    HardFault_Handler                        0x0800430d   Thumb Code     2  stm32f4xx_it.o(i.HardFault_Handler)
    LED_GPIO_Init                            0x08004311   Thumb Code    78  led.o(i.LED_GPIO_Init)
    MY_ADC_Init                              0x08004369   Thumb Code   140  adc.o(i.MY_ADC_Init)
    MemManage_Handler                        0x08004405   Thumb Code     2  stm32f4xx_it.o(i.MemManage_Handler)
    NMI_Handler                              0x08004407   Thumb Code     2  stm32f4xx_it.o(i.NMI_Handler)
    PendSV_Handler                           0x08004409   Thumb Code     2  stm32f4xx_it.o(i.PendSV_Handler)
    SVC_Handler                              0x0800440b   Thumb Code     2  stm32f4xx_it.o(i.SVC_Handler)
    Send_ADC_Data_UART                       0x0800440d   Thumb Code   116  uart.o(i.Send_ADC_Data_UART)
    SysTick_Handler                          0x080044a5   Thumb Code     4  stm32f4xx_it.o(i.SysTick_Handler)
    SystemClock_Config                       0x080044a9   Thumb Code    90  main.o(i.SystemClock_Config)
    SystemInit                               0x08004505   Thumb Code    12  system_stm32f4xx.o(i.SystemInit)
    TIM_Base_SetConfig                       0x08004515   Thumb Code   174  stm32f4xx_hal_tim.o(i.TIM_Base_SetConfig)
    TIM_Init                                 0x080045f1   Thumb Code   100  tim.o(i.TIM_Init)
    UART_Init                                0x080046dd   Thumb Code   114  uart.o(i.UART_Init)
    UART_Printf                              0x08004761   Thumb Code    58  uart.o(i.UART_Printf)
    UART_Start_Receive_IT                    0x0800497d   Thumb Code    56  stm32f4xx_hal_uart.o(i.UART_Start_Receive_IT)
    USART1_IRQHandler                        0x08004a89   Thumb Code     6  usart.o(i.USART1_IRQHandler)
    UsageFault_Handler                       0x08004a95   Thumb Code     2  stm32f4xx_it.o(i.UsageFault_Handler)
    __ARM_fpclassify                         0x08004a97   Thumb Code    48  fpclassify.o(i.__ARM_fpclassify)
    __hardfp_log10f                          0x08004ae9   Thumb Code   332  log10f.o(i.__hardfp_log10f)
    __mathlib_flt_divzero                    0x08004c69   Thumb Code    14  funder.o(i.__mathlib_flt_divzero)
    __mathlib_flt_infnan                     0x08004c7d   Thumb Code     6  funder.o(i.__mathlib_flt_infnan)
    __mathlib_flt_invalid                    0x08004c85   Thumb Code    10  funder.o(i.__mathlib_flt_invalid)
    _is_digit                                0x08004c95   Thumb Code    14  __printf_wp.o(i._is_digit)
    _sys_exit                                0x08004ca3   Thumb Code     2  usart.o(i._sys_exit)
    _ttywrch                                 0x08004ca5   Thumb Code     2  usart.o(i._ttywrch)
    delay_ms                                 0x08004ca7   Thumb Code    10  delay.o(i.delay_ms)
    delay_us                                 0x08004cb1   Thumb Code    50  delay.o(i.delay_us)
    main                                     0x08004ce9   Thumb Code    96  main.o(i.main)
    _get_lc_numeric                          0x08004d9d   Thumb Code    44  lc_numeric_c.o(locale$$code)
    _get_lc_ctype                            0x08004dc9   Thumb Code    44  lc_ctype_c.o(locale$$code)
    __dflt_normalise                         0x08004df5   Thumb Code    26  dflt_clz.o(x$fpl$dfltn)
    __fpl_dretinf                            0x08004e0f   Thumb Code    12  dretinf.o(x$fpl$dretinf)
    __fpl_exception                          0x08004e1d   Thumb Code   454  except.o(x$fpl$exception)
    __aeabi_f2d                              0x08005009   Thumb Code     0  f2d.o(x$fpl$f2d)
    _f2d                                     0x08005009   Thumb Code   122  f2d.o(x$fpl$f2d)
    __fpl_fnaninf                            0x08005083   Thumb Code   242  fnaninf.o(x$fpl$fnaninf)
    _fp_init                                 0x08005175   Thumb Code    10  fpinit.o(x$fpl$fpinit)
    __fplib_config_fpu_vfp                   0x0800517d   Thumb Code     0  fpinit.o(x$fpl$fpinit)
    __fplib_config_pureend_doubles           0x0800517d   Thumb Code     0  fpinit.o(x$fpl$fpinit)
    __funder                                 0x0800517f   Thumb Code   254  funder_clz.o(x$fpl$funder)
    __funder_d                               0x0800527d   Thumb Code    62  funder_clz.o(x$fpl$funder)
    __ieee_status                            0x080052bd   Thumb Code    28  istatus.o(x$fpl$ieeestatus)
    _printf_fp_dec                           0x080052dd   Thumb Code     4  printf1.o(x$fpl$printf1)
    _printf_fp_hex                           0x080052e1   Thumb Code     4  printf2.o(x$fpl$printf2)
    __fpl_return_NaN                         0x080052e5   Thumb Code   178  retnan.o(x$fpl$retnan)
    _fp_trapveneer                           0x08005397   Thumb Code    36  trapv.o(x$fpl$trapveneer)
    __fpl_cmpreturn                          0x080053bb   Thumb Code    90  trapv.o(x$fpl$trapveneer)
    AHBPrescTable                            0x08005414   Data          16  system_stm32f4xx.o(.constdata)
    __I$use$fp                               0x08005414   Number         0  usenofp.o(x$fpl$usenofp)
    APBPrescTable                            0x08005424   Data           8  system_stm32f4xx.o(.constdata)
    armBitRevTable                           0x08005434   Data        2048  arm_common_tables.o(.constdata)
    twiddleCoef_4096                         0x08005c34   Data       32768  arm_common_tables.o(.constdata)
    sinTable_f32                             0x0800dc34   Data        2052  arm_common_tables.o(.constdata)
    Region$$Table$$Base                      0x0800e640   Number         0  anon$$obj.o(Region$$Table)
    Region$$Table$$Limit                     0x0800e660   Number         0  anon$$obj.o(Region$$Table)
    __ctype                                  0x0800e689   Data           0  lc_ctype_c.o(locale$$data)
    SystemCoreClock                          0x20005004   Data           4  system_stm32f4xx.o(.data)
    g_rx_buffer                              0x2000500c   Data           1  usart.o(.data)
    g_usart_rx_sta                           0x2000500e   Data           2  usart.o(.data)
    uwTickFreq                               0x20005010   Data           1  stm32f4xx_hal.o(.data)
    uwTickPrio                               0x20005014   Data           4  stm32f4xx_hal.o(.data)
    uwTick                                   0x20005018   Data           4  stm32f4xx_hal.o(.data)
    system_state                             0x2000501c   Data        4120  main.o(.bss)
    g_usart_rx_buf                           0x20006034   Data         200  usart.o(.bss)
    g_uart1_handle                           0x200060fc   Data          72  usart.o(.bss)
    hadc1                                    0x20006144   Data          72  adc.o(.bss)
    adc_buffer                               0x2000618c   Data        4096  adc.o(.bss)
    S                                        0x2000718c   Data          20  fft.o(.bss)
    huart1                                   0x200071a0   Data          72  uart.o(.bss)
    hdma_adc1                                0x200071e8   Data          96  dma.o(.bss)
    htim2                                    0x20007248   Data          72  tim.o(.bss)
    __libspace_start                         0x20007290   Data          96  libspace.o(.bss)
    __temporary_stack_top$libspace           0x200072f0   Data           0  libspace.o(.bss)



==============================================================================

Memory Map of the image

  Image Entry point : 0x08000189

  Load Region LR_IROM1 (Base: 0x08000000, Size: 0x000137a8, Max: 0x00080000, ABSOLUTE, COMPRESSED[0x0000e838])

    Execution Region ER_IROM1 (Exec base: 0x08000000, Load base: 0x08000000, Size: 0x0000e78c, Max: 0x00080000, ABSOLUTE)

    Exec Addr    Load Addr    Size         Type   Attr      Idx    E Section Name        Object

    0x08000000   0x08000000   0x00000188   Data   RO            3    RESET               startup_stm32f407xx.o
    0x08000188   0x08000188   0x00000008   Code   RO         4462  * !!!main             c_w.l(__main.o)
    0x08000190   0x08000190   0x00000034   Code   RO         4849    !!!scatter          c_w.l(__scatter.o)
    0x080001c4   0x080001c4   0x0000003a   Code   RO         4847    !!dczerorl          c_w.l(__dczerorl.o)
    0x080001fe   0x080001fe   0x00000002   PAD
    0x08000200   0x08000200   0x0000001c   Code   RO         4851    !!handler_zi        c_w.l(__scatter_zi.o)
    0x0800021c   0x0800021c   0x00000000   Code   RO         4572    .ARM.Collect$$_printf_percent$$00000000  c_w.l(_printf_percent.o)
    0x0800021c   0x0800021c   0x00000006   Code   RO         4561    .ARM.Collect$$_printf_percent$$00000001  c_w.l(_printf_n.o)
    0x08000222   0x08000222   0x00000006   Code   RO         4563    .ARM.Collect$$_printf_percent$$00000002  c_w.l(_printf_p.o)
    0x08000228   0x08000228   0x00000006   Code   RO         4568    .ARM.Collect$$_printf_percent$$00000003  c_w.l(_printf_f.o)
    0x0800022e   0x0800022e   0x00000006   Code   RO         4569    .ARM.Collect$$_printf_percent$$00000004  c_w.l(_printf_e.o)
    0x08000234   0x08000234   0x00000006   Code   RO         4570    .ARM.Collect$$_printf_percent$$00000005  c_w.l(_printf_g.o)
    0x0800023a   0x0800023a   0x00000006   Code   RO         4571    .ARM.Collect$$_printf_percent$$00000006  c_w.l(_printf_a.o)
    0x08000240   0x08000240   0x0000000a   Code   RO         4576    .ARM.Collect$$_printf_percent$$00000007  c_w.l(_printf_ll.o)
    0x0800024a   0x0800024a   0x00000006   Code   RO         4565    .ARM.Collect$$_printf_percent$$00000008  c_w.l(_printf_i.o)
    0x08000250   0x08000250   0x00000006   Code   RO         4566    .ARM.Collect$$_printf_percent$$00000009  c_w.l(_printf_d.o)
    0x08000256   0x08000256   0x00000006   Code   RO         4567    .ARM.Collect$$_printf_percent$$0000000A  c_w.l(_printf_u.o)
    0x0800025c   0x0800025c   0x00000006   Code   RO         4564    .ARM.Collect$$_printf_percent$$0000000B  c_w.l(_printf_o.o)
    0x08000262   0x08000262   0x00000006   Code   RO         4562    .ARM.Collect$$_printf_percent$$0000000C  c_w.l(_printf_x.o)
    0x08000268   0x08000268   0x00000006   Code   RO         4573    .ARM.Collect$$_printf_percent$$0000000D  c_w.l(_printf_lli.o)
    0x0800026e   0x0800026e   0x00000006   Code   RO         4574    .ARM.Collect$$_printf_percent$$0000000E  c_w.l(_printf_lld.o)
    0x08000274   0x08000274   0x00000006   Code   RO         4575    .ARM.Collect$$_printf_percent$$0000000F  c_w.l(_printf_llu.o)
    0x0800027a   0x0800027a   0x00000006   Code   RO         4580    .ARM.Collect$$_printf_percent$$00000010  c_w.l(_printf_llo.o)
    0x08000280   0x08000280   0x00000006   Code   RO         4581    .ARM.Collect$$_printf_percent$$00000011  c_w.l(_printf_llx.o)
    0x08000286   0x08000286   0x0000000a   Code   RO         4577    .ARM.Collect$$_printf_percent$$00000012  c_w.l(_printf_l.o)
    0x08000290   0x08000290   0x00000006   Code   RO         4559    .ARM.Collect$$_printf_percent$$00000013  c_w.l(_printf_c.o)
    0x08000296   0x08000296   0x00000006   Code   RO         4560    .ARM.Collect$$_printf_percent$$00000014  c_w.l(_printf_s.o)
    0x0800029c   0x0800029c   0x00000006   Code   RO         4578    .ARM.Collect$$_printf_percent$$00000015  c_w.l(_printf_lc.o)
    0x080002a2   0x080002a2   0x00000006   Code   RO         4579    .ARM.Collect$$_printf_percent$$00000016  c_w.l(_printf_ls.o)
    0x080002a8   0x080002a8   0x00000004   Code   RO         4652    .ARM.Collect$$_printf_percent$$00000017  c_w.l(_printf_percent_end.o)
    0x080002ac   0x080002ac   0x00000002   Code   RO         4712    .ARM.Collect$$libinit$$00000000  c_w.l(libinit.o)
    0x080002ae   0x080002ae   0x00000004   Code   RO         4736    .ARM.Collect$$libinit$$00000001  c_w.l(libinit2.o)
    0x080002b2   0x080002b2   0x00000000   Code   RO         4739    .ARM.Collect$$libinit$$00000004  c_w.l(libinit2.o)
    0x080002b2   0x080002b2   0x00000000   Code   RO         4742    .ARM.Collect$$libinit$$0000000A  c_w.l(libinit2.o)
    0x080002b2   0x080002b2   0x00000000   Code   RO         4744    .ARM.Collect$$libinit$$0000000C  c_w.l(libinit2.o)
    0x080002b2   0x080002b2   0x00000000   Code   RO         4746    .ARM.Collect$$libinit$$0000000E  c_w.l(libinit2.o)
    0x080002b2   0x080002b2   0x00000006   Code   RO         4747    .ARM.Collect$$libinit$$0000000F  c_w.l(libinit2.o)
    0x080002b8   0x080002b8   0x00000000   Code   RO         4749    .ARM.Collect$$libinit$$00000011  c_w.l(libinit2.o)
    0x080002b8   0x080002b8   0x0000000c   Code   RO         4750    .ARM.Collect$$libinit$$00000012  c_w.l(libinit2.o)
    0x080002c4   0x080002c4   0x00000000   Code   RO         4751    .ARM.Collect$$libinit$$00000013  c_w.l(libinit2.o)
    0x080002c4   0x080002c4   0x00000000   Code   RO         4753    .ARM.Collect$$libinit$$00000015  c_w.l(libinit2.o)
    0x080002c4   0x080002c4   0x0000000a   Code   RO         4754    .ARM.Collect$$libinit$$00000016  c_w.l(libinit2.o)
    0x080002ce   0x080002ce   0x00000000   Code   RO         4755    .ARM.Collect$$libinit$$00000017  c_w.l(libinit2.o)
    0x080002ce   0x080002ce   0x00000000   Code   RO         4757    .ARM.Collect$$libinit$$00000019  c_w.l(libinit2.o)
    0x080002ce   0x080002ce   0x00000000   Code   RO         4759    .ARM.Collect$$libinit$$0000001B  c_w.l(libinit2.o)
    0x080002ce   0x080002ce   0x00000000   Code   RO         4761    .ARM.Collect$$libinit$$0000001D  c_w.l(libinit2.o)
    0x080002ce   0x080002ce   0x00000000   Code   RO         4763    .ARM.Collect$$libinit$$0000001F  c_w.l(libinit2.o)
    0x080002ce   0x080002ce   0x00000000   Code   RO         4765    .ARM.Collect$$libinit$$00000021  c_w.l(libinit2.o)
    0x080002ce   0x080002ce   0x00000000   Code   RO         4767    .ARM.Collect$$libinit$$00000023  c_w.l(libinit2.o)
    0x080002ce   0x080002ce   0x00000000   Code   RO         4769    .ARM.Collect$$libinit$$00000025  c_w.l(libinit2.o)
    0x080002ce   0x080002ce   0x00000000   Code   RO         4773    .ARM.Collect$$libinit$$0000002C  c_w.l(libinit2.o)
    0x080002ce   0x080002ce   0x00000000   Code   RO         4775    .ARM.Collect$$libinit$$0000002E  c_w.l(libinit2.o)
    0x080002ce   0x080002ce   0x00000000   Code   RO         4777    .ARM.Collect$$libinit$$00000030  c_w.l(libinit2.o)
    0x080002ce   0x080002ce   0x00000000   Code   RO         4779    .ARM.Collect$$libinit$$00000032  c_w.l(libinit2.o)
    0x080002ce   0x080002ce   0x00000002   Code   RO         4780    .ARM.Collect$$libinit$$00000033  c_w.l(libinit2.o)
    0x080002d0   0x080002d0   0x00000002   Code   RO         4804    .ARM.Collect$$libshutdown$$00000000  c_w.l(libshutdown.o)
    0x080002d2   0x080002d2   0x00000000   Code   RO         4828    .ARM.Collect$$libshutdown$$00000002  c_w.l(libshutdown2.o)
    0x080002d2   0x080002d2   0x00000000   Code   RO         4830    .ARM.Collect$$libshutdown$$00000004  c_w.l(libshutdown2.o)
    0x080002d2   0x080002d2   0x00000000   Code   RO         4832    .ARM.Collect$$libshutdown$$00000006  c_w.l(libshutdown2.o)
    0x080002d2   0x080002d2   0x00000000   Code   RO         4835    .ARM.Collect$$libshutdown$$00000009  c_w.l(libshutdown2.o)
    0x080002d2   0x080002d2   0x00000000   Code   RO         4838    .ARM.Collect$$libshutdown$$0000000C  c_w.l(libshutdown2.o)
    0x080002d2   0x080002d2   0x00000000   Code   RO         4840    .ARM.Collect$$libshutdown$$0000000E  c_w.l(libshutdown2.o)
    0x080002d2   0x080002d2   0x00000000   Code   RO         4843    .ARM.Collect$$libshutdown$$00000011  c_w.l(libshutdown2.o)
    0x080002d2   0x080002d2   0x00000002   Code   RO         4844    .ARM.Collect$$libshutdown$$00000012  c_w.l(libshutdown2.o)
    0x080002d4   0x080002d4   0x00000000   Code   RO         4482    .ARM.Collect$$rtentry$$00000000  c_w.l(__rtentry.o)
    0x080002d4   0x080002d4   0x00000000   Code   RO         4616    .ARM.Collect$$rtentry$$00000002  c_w.l(__rtentry2.o)
    0x080002d4   0x080002d4   0x00000006   Code   RO         4628    .ARM.Collect$$rtentry$$00000004  c_w.l(__rtentry4.o)
    0x080002da   0x080002da   0x00000000   Code   RO         4618    .ARM.Collect$$rtentry$$00000009  c_w.l(__rtentry2.o)
    0x080002da   0x080002da   0x00000004   Code   RO         4619    .ARM.Collect$$rtentry$$0000000A  c_w.l(__rtentry2.o)
    0x080002de   0x080002de   0x00000000   Code   RO         4621    .ARM.Collect$$rtentry$$0000000C  c_w.l(__rtentry2.o)
    0x080002de   0x080002de   0x00000008   Code   RO         4622    .ARM.Collect$$rtentry$$0000000D  c_w.l(__rtentry2.o)
    0x080002e6   0x080002e6   0x00000002   Code   RO         4721    .ARM.Collect$$rtexit$$00000000  c_w.l(rtexit.o)
    0x080002e8   0x080002e8   0x00000000   Code   RO         4782    .ARM.Collect$$rtexit$$00000002  c_w.l(rtexit2.o)
    0x080002e8   0x080002e8   0x00000004   Code   RO         4783    .ARM.Collect$$rtexit$$00000003  c_w.l(rtexit2.o)
    0x080002ec   0x080002ec   0x00000006   Code   RO         4784    .ARM.Collect$$rtexit$$00000004  c_w.l(rtexit2.o)
    0x080002f2   0x080002f2   0x00000002   PAD
    0x080002f4   0x080002f4   0x00000040   Code   RO            4    .text               startup_stm32f407xx.o
    0x08000334   0x08000334   0x00000078   Code   RO         4192    .text               arm_cortexM4lf_math.lib(arm_cos_f32.o)
    0x080003ac   0x080003ac   0x000000fc   Code   RO         4248    .text               arm_cortexM4lf_math.lib(arm_cmplx_mag_f32.o)
    0x080004a8   0x080004a8   0x00000300   Code   RO         4275    .text               arm_cortexM4lf_math.lib(arm_cfft_radix2_f32.o)
    0x080007a8   0x080007a8   0x00000134   Code   RO         4299    .text               arm_cortexM4lf_math.lib(arm_cfft_radix2_init_f32.o)
    0x080008dc   0x080008dc   0x000000d8   Code   RO         4323    .text               arm_cortexM4lf_math.lib(arm_max_f32.o)
    0x080009b4   0x080009b4   0x000001d6   Code   RO         4347    .text               arm_cortexM4lf_math.lib(arm_bitreversal.o)
    0x08000b8a   0x08000b8a   0x00000002   Code   RO         4452    .text               c_w.l(use_no_semi_2.o)
    0x08000b8c   0x08000b8c   0x000000ee   Code   RO         4454    .text               c_w.l(lludivv7m.o)
    0x08000c7a   0x08000c7a   0x00000002   PAD
    0x08000c7c   0x08000c7c   0x00000034   Code   RO         4456    .text               c_w.l(vsnprintf.o)
    0x08000cb0   0x08000cb0   0x0000004e   Code   RO         4458    .text               c_w.l(rt_memclr_w.o)
    0x08000cfe   0x08000cfe   0x00000006   Code   RO         4460    .text               c_w.l(heapauxi.o)
    0x08000d04   0x08000d04   0x00000002   Code   RO         4480    .text               c_w.l(use_no_semi.o)
    0x08000d06   0x08000d06   0x00000016   Code   RO         4487    .text               c_w.l(_rserrno.o)
    0x08000d1c   0x08000d1c   0x0000004e   Code   RO         4491    .text               c_w.l(_printf_pad.o)
    0x08000d6a   0x08000d6a   0x00000024   Code   RO         4493    .text               c_w.l(_printf_truncate.o)
    0x08000d8e   0x08000d8e   0x00000052   Code   RO         4495    .text               c_w.l(_printf_str.o)
    0x08000de0   0x08000de0   0x00000078   Code   RO         4497    .text               c_w.l(_printf_dec.o)
    0x08000e58   0x08000e58   0x00000028   Code   RO         4499    .text               c_w.l(_printf_charcount.o)
    0x08000e80   0x08000e80   0x00000030   Code   RO         4501    .text               c_w.l(_printf_char_common.o)
    0x08000eb0   0x08000eb0   0x0000000a   Code   RO         4503    .text               c_w.l(_sputc.o)
    0x08000eba   0x08000eba   0x00000010   Code   RO         4505    .text               c_w.l(_snputc.o)
    0x08000eca   0x08000eca   0x00000002   PAD
    0x08000ecc   0x08000ecc   0x000000bc   Code   RO         4507    .text               c_w.l(_printf_wctomb.o)
    0x08000f88   0x08000f88   0x0000007c   Code   RO         4510    .text               c_w.l(_printf_longlong_dec.o)
    0x08001004   0x08001004   0x00000070   Code   RO         4516    .text               c_w.l(_printf_oct_int_ll.o)
    0x08001074   0x08001074   0x00000094   Code   RO         4536    .text               c_w.l(_printf_hex_int_ll_ptr.o)
    0x08001108   0x08001108   0x00000188   Code   RO         4556    .text               c_w.l(__printf_flags_ss_wp.o)
    0x08001290   0x08001290   0x00000008   Code   RO         4635    .text               c_w.l(rt_errno_addr_intlibspace.o)
    0x08001298   0x08001298   0x0000008a   Code   RO         4637    .text               c_w.l(lludiv10.o)
    0x08001322   0x08001322   0x000000b2   Code   RO         4639    .text               c_w.l(_printf_intcommon.o)
    0x080013d4   0x080013d4   0x0000041e   Code   RO         4641    .text               c_w.l(_printf_fp_dec.o)
    0x080017f2   0x080017f2   0x00000002   PAD
    0x080017f4   0x080017f4   0x000002fc   Code   RO         4643    .text               c_w.l(_printf_fp_hex.o)
    0x08001af0   0x08001af0   0x0000002c   Code   RO         4648    .text               c_w.l(_printf_char.o)
    0x08001b1c   0x08001b1c   0x0000002c   Code   RO         4650    .text               c_w.l(_printf_wchar.o)
    0x08001b48   0x08001b48   0x00000040   Code   RO         4653    .text               c_w.l(_wcrtomb.o)
    0x08001b88   0x08001b88   0x00000008   Code   RO         4659    .text               c_w.l(libspace.o)
    0x08001b90   0x08001b90   0x0000004a   Code   RO         4662    .text               c_w.l(sys_stackheap_outer.o)
    0x08001bda   0x08001bda   0x00000002   PAD
    0x08001bdc   0x08001bdc   0x00000010   Code   RO         4664    .text               c_w.l(rt_ctype_table.o)
    0x08001bec   0x08001bec   0x00000008   Code   RO         4669    .text               c_w.l(rt_locale_intlibspace.o)
    0x08001bf4   0x08001bf4   0x00000080   Code   RO         4671    .text               c_w.l(_printf_fp_infnan.o)
    0x08001c74   0x08001c74   0x000000e4   Code   RO         4673    .text               c_w.l(bigflt0.o)
    0x08001d58   0x08001d58   0x00000012   Code   RO         4701    .text               c_w.l(exit.o)
    0x08001d6a   0x08001d6a   0x0000000e   Code   RO         4703    .text               c_w.l(defsig_fpe_outer.o)
    0x08001d78   0x08001d78   0x00000030   Code   RO         4725    .text               c_w.l(_fptrap.o)
    0x08001da8   0x08001da8   0x0000000a   Code   RO         4730    .text               c_w.l(defsig_exit.o)
    0x08001db2   0x08001db2   0x00000002   PAD
    0x08001db4   0x08001db4   0x000000ac   Code   RO         4732    .text               c_w.l(defsig_fpe_inner.o)
    0x08001e60   0x08001e60   0x00000080   Code   RO         4734    .text               c_w.l(strcmpv7m.o)
    0x08001ee0   0x08001ee0   0x00000032   Code   RO         4790    .text               c_w.l(defsig_general.o)
    0x08001f12   0x08001f12   0x0000003e   Code   RO         4676    CL$$btod_d2e        c_w.l(btod.o)
    0x08001f50   0x08001f50   0x00000046   Code   RO         4678    CL$$btod_d2e_denorm_low  c_w.l(btod.o)
    0x08001f96   0x08001f96   0x00000060   Code   RO         4677    CL$$btod_d2e_norm_op1  c_w.l(btod.o)
    0x08001ff6   0x08001ff6   0x00000338   Code   RO         4686    CL$$btod_div_common  c_w.l(btod.o)
    0x0800232e   0x0800232e   0x000000dc   Code   RO         4683    CL$$btod_e2e        c_w.l(btod.o)
    0x0800240a   0x0800240a   0x0000002a   Code   RO         4680    CL$$btod_ediv       c_w.l(btod.o)
    0x08002434   0x08002434   0x0000002a   Code   RO         4679    CL$$btod_emul       c_w.l(btod.o)
    0x0800245e   0x0800245e   0x00000244   Code   RO         4685    CL$$btod_mult_common  c_w.l(btod.o)
    0x080026a2   0x080026a2   0x0000006e   Code   RO         2801    i.ADC_DMAConvCplt   stm32f4xx_hal_adc.o
    0x08002710   0x08002710   0x00000016   Code   RO         2802    i.ADC_DMAError      stm32f4xx_hal_adc.o
    0x08002726   0x08002726   0x0000000a   Code   RO         2803    i.ADC_DMAHalfConvCplt  stm32f4xx_hal_adc.o
    0x08002730   0x08002730   0x00000130   Code   RO         2804    i.ADC_Init          stm32f4xx_hal_adc.o
    0x08002860   0x08002860   0x0000009c   Code   RO          838    i.ADC_StartConversion  adc.o
    0x080028fc   0x080028fc   0x00000002   Code   RO           13    i.BusFault_Handler  stm32f4xx_it.o
    0x080028fe   0x080028fe   0x00000034   Code   RO         1024    i.CRC16_Modbus      uart.o
    0x08002932   0x08002932   0x00000002   PAD
    0x08002934   0x08002934   0x0000000c   Code   RO           14    i.DMA2_Stream0_IRQHandler  stm32f4xx_it.o
    0x08002940   0x08002940   0x0000002c   Code   RO         2654    i.DMA_CalcBaseAndBitshift  stm32f4xx_hal_dma.o
    0x0800296c   0x0800296c   0x00000078   Code   RO         2655    i.DMA_CheckFifoParam  stm32f4xx_hal_dma.o
    0x080029e4   0x080029e4   0x0000006c   Code   RO         1091    i.DMA_Init          dma.o
    0x08002a50   0x08002a50   0x0000002a   Code   RO         2656    i.DMA_SetConfig     stm32f4xx_hal_dma.o
    0x08002a7a   0x08002a7a   0x00000002   Code   RO           15    i.DebugMon_Handler  stm32f4xx_it.o
    0x08002a7c   0x08002a7c   0x00000018   Code   RO          502    i.Error_Handler     main.o
    0x08002a94   0x08002a94   0x00000068   Code   RO          887    i.FFT_Init          fft.o
    0x08002afc   0x08002afc   0x000000c4   Code   RO          888    i.FFT_Process       fft.o
    0x08002bc0   0x08002bc0   0x00000150   Code   RO          889    i.FFT_ProcessSpectrum  fft.o
    0x08002d10   0x08002d10   0x00000158   Code   RO         2806    i.HAL_ADC_ConfigChannel  stm32f4xx_hal_adc.o
    0x08002e68   0x08002e68   0x00000064   Code   RO          839    i.HAL_ADC_ConvCpltCallback  adc.o
    0x08002ecc   0x08002ecc   0x00000002   Code   RO         2808    i.HAL_ADC_ConvHalfCpltCallback  stm32f4xx_hal_adc.o
    0x08002ece   0x08002ece   0x00000002   Code   RO         2810    i.HAL_ADC_ErrorCallback  stm32f4xx_hal_adc.o
    0x08002ed0   0x08002ed0   0x00000054   Code   RO         2815    i.HAL_ADC_Init      stm32f4xx_hal_adc.o
    0x08002f24   0x08002f24   0x00000002   Code   RO         2818    i.HAL_ADC_MspInit   stm32f4xx_hal_adc.o
    0x08002f26   0x08002f26   0x00000002   PAD
    0x08002f28   0x08002f28   0x0000016c   Code   RO         2822    i.HAL_ADC_Start_DMA  stm32f4xx_hal_adc.o
    0x08003094   0x08003094   0x0000008e   Code   RO         2657    i.HAL_DMA_Abort     stm32f4xx_hal_dma.o
    0x08003122   0x08003122   0x00000024   Code   RO         2658    i.HAL_DMA_Abort_IT  stm32f4xx_hal_dma.o
    0x08003146   0x08003146   0x00000002   PAD
    0x08003148   0x08003148   0x000001d0   Code   RO         2662    i.HAL_DMA_IRQHandler  stm32f4xx_hal_dma.o
    0x08003318   0x08003318   0x000000d4   Code   RO         2663    i.HAL_DMA_Init      stm32f4xx_hal_dma.o
    0x080033ec   0x080033ec   0x0000006e   Code   RO         2667    i.HAL_DMA_Start_IT  stm32f4xx_hal_dma.o
    0x0800345a   0x0800345a   0x00000006   Code   RO          637    i.HAL_Delay         delay.o
    0x08003460   0x08003460   0x000001d0   Code   RO         1622    i.HAL_GPIO_Init     stm32f4xx_hal_gpio.o
    0x08003630   0x08003630   0x00000010   Code   RO         1625    i.HAL_GPIO_TogglePin  stm32f4xx_hal_gpio.o
    0x08003640   0x08003640   0x0000000e   Code   RO         1626    i.HAL_GPIO_WritePin  stm32f4xx_hal_gpio.o
    0x0800364e   0x0800364e   0x00000002   PAD
    0x08003650   0x08003650   0x0000000c   Code   RO         1305    i.HAL_GetTick       stm32f4xx_hal.o
    0x0800365c   0x0800365c   0x00000010   Code   RO         1311    i.HAL_IncTick       stm32f4xx_hal.o
    0x0800366c   0x0800366c   0x00000034   Code   RO         1312    i.HAL_Init          stm32f4xx_hal.o
    0x080036a0   0x080036a0   0x00000044   Code   RO         1313    i.HAL_InitTick      stm32f4xx_hal.o
    0x080036e4   0x080036e4   0x00000002   Code   RO         1315    i.HAL_MspInit       stm32f4xx_hal.o
    0x080036e6   0x080036e6   0x0000001a   Code   RO         1484    i.HAL_NVIC_EnableIRQ  stm32f4xx_hal_cortex.o
    0x08003700   0x08003700   0x00000040   Code   RO         1490    i.HAL_NVIC_SetPriority  stm32f4xx_hal_cortex.o
    0x08003740   0x08003740   0x00000024   Code   RO         1491    i.HAL_NVIC_SetPriorityGrouping  stm32f4xx_hal_cortex.o
    0x08003764   0x08003764   0x0000014c   Code   RO         1860    i.HAL_RCC_ClockConfig  stm32f4xx_hal_rcc.o
    0x080038b0   0x080038b0   0x0000000c   Code   RO         1865    i.HAL_RCC_GetHCLKFreq  stm32f4xx_hal_rcc.o
    0x080038bc   0x080038bc   0x00000020   Code   RO         1867    i.HAL_RCC_GetPCLK1Freq  stm32f4xx_hal_rcc.o
    0x080038dc   0x080038dc   0x00000020   Code   RO         1868    i.HAL_RCC_GetPCLK2Freq  stm32f4xx_hal_rcc.o
    0x080038fc   0x080038fc   0x00000068   Code   RO         1869    i.HAL_RCC_GetSysClockFreq  stm32f4xx_hal_rcc.o
    0x08003964   0x08003964   0x000003c0   Code   RO         1872    i.HAL_RCC_OscConfig  stm32f4xx_hal_rcc.o
    0x08003d24   0x08003d24   0x00000028   Code   RO         1495    i.HAL_SYSTICK_Config  stm32f4xx_hal_cortex.o
    0x08003d4c   0x08003d4c   0x00000090   Code   RO         3812    i.HAL_TIMEx_MasterConfigSynchronization  stm32f4xx_hal_tim_ex.o
    0x08003ddc   0x08003ddc   0x0000004a   Code   RO         3078    i.HAL_TIM_Base_Init  stm32f4xx_hal_tim.o
    0x08003e26   0x08003e26   0x00000002   Code   RO         3080    i.HAL_TIM_Base_MspInit  stm32f4xx_hal_tim.o
    0x08003e28   0x08003e28   0x00000080   Code   RO         3081    i.HAL_TIM_Base_Start  stm32f4xx_hal_tim.o
    0x08003ea8   0x08003ea8   0x00000002   Code   RO         2293    i.HAL_UARTEx_RxEventCallback  stm32f4xx_hal_uart.o
    0x08003eaa   0x08003eaa   0x00000002   Code   RO         2307    i.HAL_UART_ErrorCallback  stm32f4xx_hal_uart.o
    0x08003eac   0x08003eac   0x00000230   Code   RO         2310    i.HAL_UART_IRQHandler  stm32f4xx_hal_uart.o
    0x080040dc   0x080040dc   0x00000066   Code   RO         2311    i.HAL_UART_Init     stm32f4xx_hal_uart.o
    0x08004142   0x08004142   0x00000002   PAD
    0x08004144   0x08004144   0x00000090   Code   RO          760    i.HAL_UART_MspInit  usart.o
    0x080041d4   0x080041d4   0x0000001c   Code   RO         2316    i.HAL_UART_Receive_IT  stm32f4xx_hal_uart.o
    0x080041f0   0x080041f0   0x0000006c   Code   RO          761    i.HAL_UART_RxCpltCallback  usart.o
    0x0800425c   0x0800425c   0x000000ae   Code   RO         2319    i.HAL_UART_Transmit  stm32f4xx_hal_uart.o
    0x0800430a   0x0800430a   0x00000002   Code   RO         2322    i.HAL_UART_TxCpltCallback  stm32f4xx_hal_uart.o
    0x0800430c   0x0800430c   0x00000002   Code   RO           16    i.HardFault_Handler  stm32f4xx_it.o
    0x0800430e   0x0800430e   0x00000002   PAD
    0x08004310   0x08004310   0x00000058   Code   RO         1121    i.LED_GPIO_Init     led.o
    0x08004368   0x08004368   0x0000009c   Code   RO          840    i.MY_ADC_Init       adc.o
    0x08004404   0x08004404   0x00000002   Code   RO           17    i.MemManage_Handler  stm32f4xx_it.o
    0x08004406   0x08004406   0x00000002   Code   RO           18    i.NMI_Handler       stm32f4xx_it.o
    0x08004408   0x08004408   0x00000002   Code   RO           19    i.PendSV_Handler    stm32f4xx_it.o
    0x0800440a   0x0800440a   0x00000002   Code   RO           20    i.SVC_Handler       stm32f4xx_it.o
    0x0800440c   0x0800440c   0x00000098   Code   RO         1025    i.Send_ADC_Data_UART  uart.o
    0x080044a4   0x080044a4   0x00000004   Code   RO           21    i.SysTick_Handler   stm32f4xx_it.o
    0x080044a8   0x080044a8   0x0000005a   Code   RO          503    i.SystemClock_Config  main.o
    0x08004502   0x08004502   0x00000002   PAD
    0x08004504   0x08004504   0x00000010   Code   RO          322    i.SystemInit        system_stm32f4xx.o
    0x08004514   0x08004514   0x000000dc   Code   RO         3171    i.TIM_Base_SetConfig  stm32f4xx_hal_tim.o
    0x080045f0   0x080045f0   0x00000074   Code   RO         1148    i.TIM_Init          tim.o
    0x08004664   0x08004664   0x00000010   Code   RO         2324    i.UART_DMAAbortOnError  stm32f4xx_hal_uart.o
    0x08004674   0x08004674   0x0000004e   Code   RO         2334    i.UART_EndRxTransfer  stm32f4xx_hal_uart.o
    0x080046c2   0x080046c2   0x0000001a   Code   RO         2335    i.UART_EndTransmit_IT  stm32f4xx_hal_uart.o
    0x080046dc   0x080046dc   0x00000084   Code   RO         1026    i.UART_Init         uart.o
    0x08004760   0x08004760   0x00000040   Code   RO         1029    i.UART_Printf       uart.o
    0x080047a0   0x080047a0   0x000000c8   Code   RO         2337    i.UART_Receive_IT   stm32f4xx_hal_uart.o
    0x08004868   0x08004868   0x00000114   Code   RO         2338    i.UART_SetConfig    stm32f4xx_hal_uart.o
    0x0800497c   0x0800497c   0x00000038   Code   RO         2340    i.UART_Start_Receive_IT  stm32f4xx_hal_uart.o
    0x080049b4   0x080049b4   0x0000005e   Code   RO         2341    i.UART_Transmit_IT  stm32f4xx_hal_uart.o
    0x08004a12   0x08004a12   0x00000074   Code   RO         2342    i.UART_WaitOnFlagUntilTimeout  stm32f4xx_hal_uart.o
    0x08004a86   0x08004a86   0x00000002   PAD
    0x08004a88   0x08004a88   0x0000000c   Code   RO          762    i.USART1_IRQHandler  usart.o
    0x08004a94   0x08004a94   0x00000002   Code   RO           22    i.UsageFault_Handler  stm32f4xx_it.o
    0x08004a96   0x08004a96   0x00000030   Code   RO         4719    i.__ARM_fpclassify  m_wm.l(fpclassify.o)
    0x08004ac6   0x08004ac6   0x00000020   Code   RO         1497    i.__NVIC_SetPriority  stm32f4xx_hal_cortex.o
    0x08004ae6   0x08004ae6   0x00000002   PAD
    0x08004ae8   0x08004ae8   0x00000180   Code   RO         4466    i.__hardfp_log10f   m_wm.l(log10f.o)
    0x08004c68   0x08004c68   0x00000014   Code   RO         4601    i.__mathlib_flt_divzero  m_wm.l(funder.o)
    0x08004c7c   0x08004c7c   0x00000006   Code   RO         4602    i.__mathlib_flt_infnan  m_wm.l(funder.o)
    0x08004c82   0x08004c82   0x00000002   PAD
    0x08004c84   0x08004c84   0x00000010   Code   RO         4604    i.__mathlib_flt_invalid  m_wm.l(funder.o)
    0x08004c94   0x08004c94   0x0000000e   Code   RO         4549    i._is_digit         c_w.l(__printf_wp.o)
    0x08004ca2   0x08004ca2   0x00000002   Code   RO          764    i._sys_exit         usart.o
    0x08004ca4   0x08004ca4   0x00000002   Code   RO          765    i._ttywrch          usart.o
    0x08004ca6   0x08004ca6   0x0000000a   Code   RO          639    i.delay_ms          delay.o
    0x08004cb0   0x08004cb0   0x00000038   Code   RO          640    i.delay_us          delay.o
    0x08004ce8   0x08004ce8   0x000000b4   Code   RO          504    i.main              main.o
    0x08004d9c   0x08004d9c   0x0000002c   Code   RO         4699    locale$$code        c_w.l(lc_numeric_c.o)
    0x08004dc8   0x08004dc8   0x0000002c   Code   RO         4728    locale$$code        c_w.l(lc_ctype_c.o)
    0x08004df4   0x08004df4   0x0000001a   Code   RO         4584    x$fpl$dfltn         g_wm.l(dflt_clz.o)
    0x08004e0e   0x08004e0e   0x0000000c   Code   RO         4588    x$fpl$dretinf       g_wm.l(dretinf.o)
    0x08004e1a   0x08004e1a   0x00000002   PAD
    0x08004e1c   0x08004e1c   0x000001ec   Code   RO         4655    x$fpl$exception     g_wm.l(except.o)
    0x08005008   0x08005008   0x0000007a   Code   RO         4464    x$fpl$f2d           g_wm.l(f2d.o)
    0x08005082   0x08005082   0x000000f2   Code   RO         4590    x$fpl$fnaninf       g_wm.l(fnaninf.o)
    0x08005174   0x08005174   0x0000000a   Code   RO         4794    x$fpl$fpinit        g_wm.l(fpinit.o)
    0x0800517e   0x0800517e   0x0000013c   Code   RO         4657    x$fpl$funder        g_wm.l(funder_clz.o)
    0x080052ba   0x080052ba   0x00000002   PAD
    0x080052bc   0x080052bc   0x00000020   Code   RO         4713    x$fpl$ieeestatus    g_wm.l(istatus.o)
    0x080052dc   0x080052dc   0x00000004   Code   RO         4592    x$fpl$printf1       g_wm.l(printf1.o)
    0x080052e0   0x080052e0   0x00000004   Code   RO         4594    x$fpl$printf2       g_wm.l(printf2.o)
    0x080052e4   0x080052e4   0x000000b2   Code   RO         4715    x$fpl$retnan        g_wm.l(retnan.o)
    0x08005396   0x08005396   0x0000007e   Code   RO         4717    x$fpl$trapveneer    g_wm.l(trapv.o)
    0x08005414   0x08005414   0x00000000   Code   RO         4600    x$fpl$usenofp       g_wm.l(usenofp.o)
    0x08005414   0x08005414   0x00000010   Data   RO          323    .constdata          system_stm32f4xx.o
    0x08005424   0x08005424   0x00000008   Data   RO          324    .constdata          system_stm32f4xx.o
    0x0800542c   0x0800542c   0x00000008   Data   RO         2669    .constdata          stm32f4xx_hal_dma.o
    0x08005434   0x08005434   0x00000800   Data   RO         4371    .constdata          arm_cortexM4lf_math.lib(arm_common_tables.o)
    0x08005c34   0x08005c34   0x00008000   Data   RO         4380    .constdata          arm_cortexM4lf_math.lib(arm_common_tables.o)
    0x0800dc34   0x0800dc34   0x00000804   Data   RO         4427    .constdata          arm_cortexM4lf_math.lib(arm_common_tables.o)
    0x0800e438   0x0800e438   0x00000040   Data   RO         4469    .constdata          m_wm.l(log10f.o)
    0x0800e478   0x0800e478   0x00000008   Data   RO         4508    .constdata          c_w.l(_printf_wctomb.o)
    0x0800e480   0x0800e480   0x00000028   Data   RO         4537    .constdata          c_w.l(_printf_hex_int_ll_ptr.o)
    0x0800e4a8   0x0800e4a8   0x00000011   Data   RO         4557    .constdata          c_w.l(__printf_flags_ss_wp.o)
    0x0800e4b9   0x0800e4b9   0x00000026   Data   RO         4644    .constdata          c_w.l(_printf_fp_hex.o)
    0x0800e4df   0x0800e4df   0x00000001   PAD
    0x0800e4e0   0x0800e4e0   0x00000094   Data   RO         4674    .constdata          c_w.l(bigflt0.o)
    0x0800e574   0x0800e574   0x000000ca   Data   RO          892    .conststring        fft.o
    0x0800e63e   0x0800e63e   0x00000002   PAD
    0x0800e640   0x0800e640   0x00000020   Data   RO         4845    Region$$Table       anon$$obj.o
    0x0800e660   0x0800e660   0x0000001c   Data   RO         4698    locale$$data        c_w.l(lc_numeric_c.o)
    0x0800e67c   0x0800e67c   0x00000110   Data   RO         4727    locale$$data        c_w.l(lc_ctype_c.o)


    Execution Region RW_IRAM1 (Exec base: 0x20000000, Load base: 0x0800e78c, Size: 0x00008af0, Max: 0x00020000, ABSOLUTE, COMPRESSED[0x000000ac])

    Exec Addr    Load Addr    Size         Type   Attr      Idx    E Section Name        Object

    0x20000000   COMPRESSED   0x00005004   Data   RW          891    .ccmram             fft.o
    0x20005004   COMPRESSED   0x00000004   Data   RW          325    .data               system_stm32f4xx.o
    0x20005008   COMPRESSED   0x00000004   Data   RW          641    .data               delay.o
    0x2000500c   COMPRESSED   0x00000004   Data   RW          769    .data               usart.o
    0x20005010   COMPRESSED   0x0000000c   Data   RW         1319    .data               stm32f4xx_hal.o
    0x2000501c        -       0x00001018   Zero   RW          505    .bss                main.o
    0x20006034        -       0x00000110   Zero   RW          768    .bss                usart.o
    0x20006144        -       0x00001048   Zero   RW          842    .bss                adc.o
    0x2000718c        -       0x00000014   Zero   RW          890    .bss                fft.o
    0x200071a0        -       0x00000048   Zero   RW         1030    .bss                uart.o
    0x200071e8        -       0x00000060   Zero   RW         1092    .bss                dma.o
    0x20007248        -       0x00000048   Zero   RW         1149    .bss                tim.o
    0x20007290        -       0x00000060   Zero   RW         4660    .bss                c_w.l(libspace.o)
    0x200072f0        -       0x00000800   Zero   RW            2    HEAP                startup_stm32f407xx.o
    0x20007af0        -       0x00001000   Zero   RW            1    STACK               startup_stm32f407xx.o


==============================================================================

Image component sizes


      Code (inc. data)   RO Data    RW Data    ZI Data      Debug   Object Name

       412        182          0          0       4168       2482   adc.o
        72          6          0          4          0       1854   delay.o
       108         16          0          0         96       1143   dma.o
       636        130        202      20484         20       8944   fft.o
        88         10          0          0          0        916   led.o
       294         88          0          0       4120       2423   main.o
        64         26        392          0       6144        968   startup_stm32f407xx.o
       150         24          0         12          0       9331   stm32f4xx_hal.o
      1244         60          0          0          0       7536   stm32f4xx_hal_adc.o
       198         14          0          0          0      33991   stm32f4xx_hal_cortex.o
      1170         14          8          0          0       7578   stm32f4xx_hal_dma.o
       494         44          0          0          0       2985   stm32f4xx_hal_gpio.o
      1472         76          0          0          0       6392   stm32f4xx_hal_rcc.o
       424         74          0          0          0       3413   stm32f4xx_hal_tim.o
       144         30          0          0          0       1416   stm32f4xx_hal_tim_ex.o
      1732         14          0          0          0      12764   stm32f4xx_hal_uart.o
        32          6          0          0          0     677304   stm32f4xx_it.o
        16          4         24          4          0     702063   system_stm32f4xx.o
       116         16          0          0         72       1091   tim.o
       400         60          0          0         72       4275   uart.o
       268         32          0          4        272       5051   usart.o

    ----------------------------------------------------------------------
      9552        926        660      20508      14964    1493920   Object Totals
         0          0         32          0          0          0   (incl. Generated)
        18          0          2          0          0          0   (incl. Padding)

    ----------------------------------------------------------------------

      Code (inc. data)   RO Data    RW Data    ZI Data      Debug   Library Member Name

       470          0          0          0          0       2962   arm_bitreversal.o
       768          0          0          0          0       3496   arm_cfft_radix2_f32.o
       308         78          0          0          0       1307   arm_cfft_radix2_init_f32.o
       252          6          0          0          0      14464   arm_cmplx_mag_f32.o
         0          0      36868          0          0       4636   arm_common_tables.o
       120         12          0          0          0      17018   arm_cos_f32.o
       216          0          0          0          0       1654   arm_max_f32.o
        58          0          0          0          0          0   __dczerorl.o
         8          0          0          0          0         68   __main.o
       392          4         17          0          0         92   __printf_flags_ss_wp.o
        14          0          0          0          0         68   __printf_wp.o
         0          0          0          0          0          0   __rtentry.o
        12          0          0          0          0          0   __rtentry2.o
         6          0          0          0          0          0   __rtentry4.o
        52          8          0          0          0          0   __scatter.o
        28          0          0          0          0          0   __scatter_zi.o
        48          4          0          0          0         84   _fptrap.o
         6          0          0          0          0          0   _printf_a.o
         6          0          0          0          0          0   _printf_c.o
        44          0          0          0          0        108   _printf_char.o
        48          6          0          0          0         96   _printf_char_common.o
        40          0          0          0          0         68   _printf_charcount.o
         6          0          0          0          0          0   _printf_d.o
       120         16          0          0          0         92   _printf_dec.o
         6          0          0          0          0          0   _printf_e.o
         6          0          0          0          0          0   _printf_f.o
      1054          0          0          0          0        216   _printf_fp_dec.o
       764          8         38          0          0        100   _printf_fp_hex.o
       128         16          0          0          0         84   _printf_fp_infnan.o
         6          0          0          0          0          0   _printf_g.o
       148          4         40          0          0        160   _printf_hex_int_ll_ptr.o
         6          0          0          0          0          0   _printf_i.o
       178          0          0          0          0         88   _printf_intcommon.o
        10          0          0          0          0          0   _printf_l.o
         6          0          0          0          0          0   _printf_lc.o
        10          0          0          0          0          0   _printf_ll.o
         6          0          0          0          0          0   _printf_lld.o
         6          0          0          0          0          0   _printf_lli.o
         6          0          0          0          0          0   _printf_llo.o
         6          0          0          0          0          0   _printf_llu.o
         6          0          0          0          0          0   _printf_llx.o
       124         16          0          0          0         92   _printf_longlong_dec.o
         6          0          0          0          0          0   _printf_ls.o
         6          0          0          0          0          0   _printf_n.o
         6          0          0          0          0          0   _printf_o.o
       112         10          0          0          0        124   _printf_oct_int_ll.o
         6          0          0          0          0          0   _printf_p.o
        78          0          0          0          0        108   _printf_pad.o
         0          0          0          0          0          0   _printf_percent.o
         4          0          0          0          0          0   _printf_percent_end.o
         6          0          0          0          0          0   _printf_s.o
        82          0          0          0          0         80   _printf_str.o
        36          0          0          0          0         84   _printf_truncate.o
         6          0          0          0          0          0   _printf_u.o
        44          0          0          0          0        108   _printf_wchar.o
       188          6          8          0          0         92   _printf_wctomb.o
         6          0          0          0          0          0   _printf_x.o
        22          0          0          0          0        100   _rserrno.o
        16          0          0          0          0         68   _snputc.o
        10          0          0          0          0         68   _sputc.o
        64          0          0          0          0         92   _wcrtomb.o
       228          4        148          0          0         96   bigflt0.o
      1936        128          0          0          0        672   btod.o
        10          0          0          0          0         68   defsig_exit.o
       172        110          0          0          0         76   defsig_fpe_inner.o
        14          0          0          0          0         80   defsig_fpe_outer.o
        50          0          0          0          0         88   defsig_general.o
        18          0          0          0          0         80   exit.o
         6          0          0          0          0        152   heapauxi.o
        44         10        272          0          0         76   lc_ctype_c.o
        44         10         28          0          0         76   lc_numeric_c.o
         2          0          0          0          0          0   libinit.o
        34          0          0          0          0          0   libinit2.o
         2          0          0          0          0          0   libshutdown.o
         2          0          0          0          0          0   libshutdown2.o
         8          4          0          0         96         68   libspace.o
       138          0          0          0          0         80   lludiv10.o
       238          0          0          0          0        100   lludivv7m.o
        16          4          0          0          0         76   rt_ctype_table.o
         8          4          0          0          0         68   rt_errno_addr_intlibspace.o
         8          4          0          0          0         68   rt_locale_intlibspace.o
        78          0          0          0          0         80   rt_memclr_w.o
         2          0          0          0          0          0   rtexit.o
        10          0          0          0          0          0   rtexit2.o
       128          0          0          0          0         68   strcmpv7m.o
        74          0          0          0          0         80   sys_stackheap_outer.o
         2          0          0          0          0         68   use_no_semi.o
         2          0          0          0          0         68   use_no_semi_2.o
        52          4          0          0          0         80   vsnprintf.o
        26          0          0          0          0        116   dflt_clz.o
        12          0          0          0          0        116   dretinf.o
       492         36          0          0          0        148   except.o
       122          8          0          0          0        132   f2d.o
       242          4          0          0          0        144   fnaninf.o
        10          0          0          0          0        116   fpinit.o
       316          0          0          0          0        132   funder_clz.o
        32          4          0          0          0        116   istatus.o
         4          0          0          0          0        116   printf1.o
         4          0          0          0          0        116   printf2.o
       178          0          0          0          0        116   retnan.o
       126          0          0          0          0        148   trapv.o
         0          0          0          0          0          0   usenofp.o
        48          0          0          0          0        124   fpclassify.o
        42         12          0          0          0        348   funder.o
       384         52         64          0          0        140   log10f.o

    ----------------------------------------------------------------------
     11580        592      37484          0         96      52373   Library Totals
        20          0          1          0          0          0   (incl. Padding)

    ----------------------------------------------------------------------

      Code (inc. data)   RO Data    RW Data    ZI Data      Debug   Library Name

      2134         96      36868          0          0      45537   arm_cortexM4lf_math.lib
      7388        380        551          0         96       4708   c_w.l
      1564         52          0          0          0       1516   g_wm.l
       474         64         64          0          0        612   m_wm.l

    ----------------------------------------------------------------------
     11580        592      37484          0         96      52373   Library Totals

    ----------------------------------------------------------------------

==============================================================================


      Code (inc. data)   RO Data    RW Data    ZI Data      Debug   

     21132       1518      38144      20508      15060    1533093   Grand Totals
     21132       1518      38144        172      15060    1533093   ELF Image Totals (compressed)
     21132       1518      38144        172          0          0   ROM Totals

==============================================================================

    Total RO  Size (Code + RO Data)                59276 (  57.89kB)
    Total RW  Size (RW Data + ZI Data)             35568 (  34.73kB)
    Total ROM Size (Code + RO Data + RW Data)      59448 (  58.05kB)

==============================================================================

